Component: ARM Compiler 5.06 update 5 (build 528) Tool: armlink [4d35e2]

==============================================================================

Section Cross References

    startup_stm32f10x_md.o(STACK) refers (Special) to heapauxi.o(.text) for __use_two_region_memory
    startup_stm32f10x_md.o(HEAP) refers (Special) to heapauxi.o(.text) for __use_two_region_memory
    startup_stm32f10x_md.o(RESET) refers (Special) to heapauxi.o(.text) for __use_two_region_memory
    startup_stm32f10x_md.o(RESET) refers to startup_stm32f10x_md.o(STACK) for __initial_sp
    startup_stm32f10x_md.o(RESET) refers to startup_stm32f10x_md.o(.text) for Reset_Handler
    startup_stm32f10x_md.o(RESET) refers to stm32f10x_it.o(i.NMI_Handler) for NMI_Handler
    startup_stm32f10x_md.o(RESET) refers to stm32f10x_it.o(i.HardFault_Handler) for HardFault_Handler
    startup_stm32f10x_md.o(RESET) refers to stm32f10x_it.o(i.MemManage_Handler) for MemManage_Handler
    startup_stm32f10x_md.o(RESET) refers to stm32f10x_it.o(i.BusFault_Handler) for BusFault_Handler
    startup_stm32f10x_md.o(RESET) refers to stm32f10x_it.o(i.UsageFault_Handler) for UsageFault_Handler
    startup_stm32f10x_md.o(RESET) refers to stm32f10x_it.o(i.SVC_Handler) for SVC_Handler
    startup_stm32f10x_md.o(RESET) refers to stm32f10x_it.o(i.DebugMon_Handler) for DebugMon_Handler
    startup_stm32f10x_md.o(RESET) refers to stm32f10x_it.o(i.PendSV_Handler) for PendSV_Handler
    startup_stm32f10x_md.o(RESET) refers to stm32f10x_it.o(i.SysTick_Handler) for SysTick_Handler
    startup_stm32f10x_md.o(RESET) refers to encoder.o(i.EXTI4_IRQHandler) for EXTI4_IRQHandler
    startup_stm32f10x_md.o(RESET) refers to adtim.o(i.TIM2_IRQHandler) for TIM2_IRQHandler
    startup_stm32f10x_md.o(RESET) refers to pwm.o(i.TIM3_IRQHandler) for TIM3_IRQHandler
    startup_stm32f10x_md.o(RESET) refers to timer.o(i.TIM4_IRQHandler) for TIM4_IRQHandler
    startup_stm32f10x_md.o(.text) refers (Special) to heapauxi.o(.text) for __use_two_region_memory
    startup_stm32f10x_md.o(.text) refers to system_stm32f10x.o(i.SystemInit) for SystemInit
    startup_stm32f10x_md.o(.text) refers to __main.o(!!!main) for __main
    startup_stm32f10x_md.o(.text) refers to startup_stm32f10x_md.o(HEAP) for Heap_Mem
    startup_stm32f10x_md.o(.text) refers to startup_stm32f10x_md.o(STACK) for Stack_Mem
    system_stm32f10x.o(i.SetSysClock) refers to system_stm32f10x.o(i.SetSysClockTo72) for SetSysClockTo72
    system_stm32f10x.o(i.SystemCoreClockUpdate) refers to system_stm32f10x.o(.data) for SystemCoreClock
    system_stm32f10x.o(i.SystemInit) refers to system_stm32f10x.o(i.SetSysClock) for SetSysClock
    stm32f10x_adc.o(i.ADC_DeInit) refers to stm32f10x_rcc.o(i.RCC_APB2PeriphResetCmd) for RCC_APB2PeriphResetCmd
    stm32f10x_bkp.o(i.BKP_DeInit) refers to stm32f10x_rcc.o(i.RCC_BackupResetCmd) for RCC_BackupResetCmd
    stm32f10x_can.o(i.CAN_DeInit) refers to stm32f10x_rcc.o(i.RCC_APB1PeriphResetCmd) for RCC_APB1PeriphResetCmd
    stm32f10x_can.o(i.CAN_GetITStatus) refers to stm32f10x_can.o(i.CheckITStatus) for CheckITStatus
    stm32f10x_cec.o(i.CEC_DeInit) refers to stm32f10x_rcc.o(i.RCC_APB1PeriphResetCmd) for RCC_APB1PeriphResetCmd
    stm32f10x_dac.o(i.DAC_DeInit) refers to stm32f10x_rcc.o(i.RCC_APB1PeriphResetCmd) for RCC_APB1PeriphResetCmd
    stm32f10x_flash.o(i.FLASH_EnableWriteProtection) refers to stm32f10x_flash.o(i.FLASH_WaitForLastOperation) for FLASH_WaitForLastOperation
    stm32f10x_flash.o(i.FLASH_EraseAllBank1Pages) refers to stm32f10x_flash.o(i.FLASH_WaitForLastBank1Operation) for FLASH_WaitForLastBank1Operation
    stm32f10x_flash.o(i.FLASH_EraseAllPages) refers to stm32f10x_flash.o(i.FLASH_WaitForLastOperation) for FLASH_WaitForLastOperation
    stm32f10x_flash.o(i.FLASH_EraseOptionBytes) refers to stm32f10x_flash.o(i.FLASH_GetReadOutProtectionStatus) for FLASH_GetReadOutProtectionStatus
    stm32f10x_flash.o(i.FLASH_EraseOptionBytes) refers to stm32f10x_flash.o(i.FLASH_WaitForLastOperation) for FLASH_WaitForLastOperation
    stm32f10x_flash.o(i.FLASH_ErasePage) refers to stm32f10x_flash.o(i.FLASH_WaitForLastOperation) for FLASH_WaitForLastOperation
    stm32f10x_flash.o(i.FLASH_ProgramHalfWord) refers to stm32f10x_flash.o(i.FLASH_WaitForLastOperation) for FLASH_WaitForLastOperation
    stm32f10x_flash.o(i.FLASH_ProgramOptionByteData) refers to stm32f10x_flash.o(i.FLASH_WaitForLastOperation) for FLASH_WaitForLastOperation
    stm32f10x_flash.o(i.FLASH_ProgramWord) refers to stm32f10x_flash.o(i.FLASH_WaitForLastOperation) for FLASH_WaitForLastOperation
    stm32f10x_flash.o(i.FLASH_ReadOutProtection) refers to stm32f10x_flash.o(i.FLASH_WaitForLastOperation) for FLASH_WaitForLastOperation
    stm32f10x_flash.o(i.FLASH_UserOptionByteConfig) refers to stm32f10x_flash.o(i.FLASH_WaitForLastOperation) for FLASH_WaitForLastOperation
    stm32f10x_flash.o(i.FLASH_WaitForLastBank1Operation) refers to stm32f10x_flash.o(i.FLASH_GetBank1Status) for FLASH_GetBank1Status
[...]
    ../clib/printf.c                         0x00000000   Number         0  __printf.o ABSOLUTE
    ../clib/printf.c                         0x00000000   Number         0  _printf_dec.o ABSOLUTE
    ../clib/printf.c                         0x00000000   Number         0  _printf_pad.o ABSOLUTE
    ../clib/printf.c                         0x00000000   Number         0  _printf_truncate.o ABSOLUTE
    ../clib/printf.c                         0x00000000   Number         0  _printf_wchar.o ABSOLUTE
    ../clib/printf.c                         0x00000000   Number         0  _printf_oct_int_ll.o ABSOLUTE
    ../clib/printf_percent.s                 0x00000000   Number         0  _printf_lld.o ABSOLUTE
    ../clib/printf_percent.s                 0x00000000   Number         0  _printf_lli.o ABSOLUTE
    ../clib/printf_percent.s                 0x00000000   Number         0  _printf_a.o ABSOLUTE
    ../clib/printf_percent.s                 0x00000000   Number         0  _printf_g.o ABSOLUTE
    ../clib/printf_percent.s                 0x00000000   Number         0  _printf_e.o ABSOLUTE
    ../clib/printf_percent.s                 0x00000000   Number         0  _printf_f.o ABSOLUTE
    ../clib/printf_percent.s                 0x00000000   Number         0  _printf_u.o ABSOLUTE
    ../clib/printf_percent.s                 0x00000000   Number         0  _printf_i.o ABSOLUTE
    ../clib/printf_percent.s                 0x00000000   Number         0  _printf_o.o ABSOLUTE
    ../clib/printf_percent.s                 0x00000000   Number         0  _printf_p.o ABSOLUTE
    ../clib/printf_percent.s                 0x00000000   Number         0  _printf_x.o ABSOLUTE
    ../clib/printf_percent.s                 0x00000000   Number         0  _printf_n.o ABSOLUTE
    ../clib/printf_percent.s                 0x00000000   Number         0  _printf_s.o ABSOLUTE
    ../clib/printf_percent.s                 0x00000000   Number         0  _printf_percent.o ABSOLUTE
    ../clib/printf_percent.s                 0x00000000   Number         0  _printf_c.o ABSOLUTE
    ../clib/printf_percent.s                 0x00000000   Number         0  _printf_percent_end.o ABSOLUTE
    ../clib/printf_percent.s                 0x00000000   Number         0  _printf_d.o ABSOLUTE
    ../clib/printf_percent.s                 0x00000000   Number         0  _printf_llx.o ABSOLUTE
    ../clib/printf_percent.s                 0x00000000   Number         0  _printf_llo.o ABSOLUTE
    ../clib/printf_percent.s                 0x00000000   Number         0  _printf_ls.o ABSOLUTE
    ../clib/printf_percent.s                 0x00000000   Number         0  _printf_lc.o ABSOLUTE
    ../clib/printf_percent.s                 0x00000000   Number         0  _printf_l.o ABSOLUTE
    ../clib/printf_percent.s                 0x00000000   Number         0  _printf_ll.o ABSOLUTE
    ../clib/printf_percent.s                 0x00000000   Number         0  _printf_llu.o ABSOLUTE
    ../clib/signal.c                         0x00000000   Number         0  defsig_cppl_inner.o ABSOLUTE
    ../clib/signal.c                         0x00000000   Number         0  defsig_stak_inner.o ABSOLUTE
    ../clib/signal.c                         0x00000000   Number         0  defsig_exit.o ABSOLUTE
    ../clib/signal.c                         0x00000000   Number         0  defsig_rtred_inner.o ABSOLUTE
    ../clib/signal.c                         0x00000000   Number         0  defsig_rtmem_outer.o ABSOLUTE
    ../clib/signal.c                         0x00000000   Number         0  defsig_segv_inner.o ABSOLUTE
    ../clib/signal.c                         0x00000000   Number         0  defsig_general.o ABSOLUTE
    ../clib/signal.c                         0x00000000   Number         0  defsig_fpe_inner.o ABSOLUTE
    ../clib/signal.c                         0x00000000   Number         0  defsig_abrt_inner.o ABSOLUTE
    ../clib/signal.c                         0x00000000   Number         0  defsig_other.o ABSOLUTE
    ../clib/signal.c                         0x00000000   Number         0  defsig_rtmem_formal.o ABSOLUTE
    ../clib/signal.c                         0x00000000   Number         0  __raise.o ABSOLUTE
    ../clib/signal.c                         0x00000000   Number         0  defsig_rtmem_inner.o ABSOLUTE
    ../clib/signal.c                         0x00000000   Number         0  defsig_pvfn_inner.o ABSOLUTE
    ../clib/signal.s                         0x00000000   Number         0  defsig.o ABSOLUTE
    ../clib/stdlib.c                         0x00000000   Number         0  exit.o ABSOLUTE
    ../fplib/d2f.s                           0x00000000   Number         0  d2f.o ABSOLUTE
    ../fplib/daddsub.s                       0x00000000   Number         0  daddsub_clz.o ABSOLUTE
    ../fplib/dcheck1.s                       0x00000000   Number         0  dcheck1.o ABSOLUTE
    ../fplib/dcmpi.s                         0x00000000   Number         0  dcmpi.o ABSOLUTE
    ../fplib/ddiv.s                          0x00000000   Number         0  ddiv.o ABSOLUTE
    ../fplib/dfix.s                          0x00000000   Number         0  dfix.o ABSOLUTE
    ../fplib/dfixu.s                         0x00000000   Number         0  dfixu.o ABSOLUTE
    ../fplib/dflt.s                          0x00000000   Number         0  dflt_clz.o ABSOLUTE
    ../fplib/dleqf.s                         0x00000000   Number         0  dleqf.o ABSOLUTE
    ../fplib/dmul.s                          0x00000000   Number         0  dmul.o ABSOLUTE
    ../fplib/dnaninf.s                       0x00000000   Number         0  dnaninf.o ABSOLUTE
    ../fplib/dretinf.s                       0x00000000   Number         0  dretinf.o ABSOLUTE
    ../fplib/drleqf.s                        0x00000000   Number         0  drleqf.o ABSOLUTE
    ../fplib/faddsub.s                       0x00000000   Number         0  faddsub_clz.o ABSOLUTE
    ../fplib/fcmpi.s                         0x00000000   Number         0  fcmpi.o ABSOLUTE
    ../fplib/fflt.s                          0x00000000   Number         0  fflt_clz.o ABSOLUTE
    ../fplib/fleqf.s                         0x00000000   Number         0  fleqf.o ABSOLUTE
    ../fplib/fnaninf.s                       0x00000000   Number         0  fnaninf.o ABSOLUTE
    ../fplib/fpinit.s                        0x00000000   Number         0  fpinit.o ABSOLUTE
    ../fplib/fretinf.s                       0x00000000   Number         0  fretinf.o ABSOLUTE
    ../fplib/istatus.s                       0x00000000   Number         0  istatus.o ABSOLUTE
    ../fplib/printf1.s                       0x00000000   Number         0  printf1.o ABSOLUTE
    ../fplib/printf2.s                       0x00000000   Number         0  printf2.o ABSOLUTE
    ../fplib/printf2a.s                      0x00000000   Number         0  printf2a.o ABSOLUTE
    ../fplib/printf2b.s                      0x00000000   Number         0  printf2b.o ABSOLUTE
    ../fplib/retnan.s                        0x00000000   Number         0  retnan.o ABSOLUTE
    ../fplib/scalbn.s                        0x00000000   Number         0  scalbn.o ABSOLUTE
    ../fplib/trapv.s                         0x00000000   Number         0  trapv.o ABSOLUTE
    ../fplib/usenofp.s                       0x00000000   Number         0  usenofp.o ABSOLUTE
    ../mathlib/atan.c                        0x00000000   Number         0  atan_x.o ABSOLUTE
    ../mathlib/atan.c                        0x00000000   Number         0  atan.o ABSOLUTE
    ../mathlib/atan2.c                       0x00000000   Number         0  atan2.o ABSOLUTE
    ../mathlib/atan2.c                       0x00000000   Number         0  atan2_x.o ABSOLUTE
    ../mathlib/dunder.c                      0x00000000   Number         0  dunder.o ABSOLUTE
    ../mathlib/fpclassify.c                  0x00000000   Number         0  fpclassify.o ABSOLUTE
    ../mathlib/poly.c                        0x00000000   Number         0  poly.o ABSOLUTE
    ../mathlib/qnan.c                        0x00000000   Number         0  qnan.o ABSOLUTE
    Hardware\AD.c                            0x00000000   Number         0  ad.o ABSOLUTE
    Hardware\ADTIM.c                         0x00000000   Number         0  adtim.o ABSOLUTE
    Hardware\Encoder.c                       0x00000000   Number         0  encoder.o ABSOLUTE
    Hardware\IC.c                            0x00000000   Number         0  ic.o ABSOLUTE
    Hardware\Key.c                           0x00000000   Number         0  key.o ABSOLUTE
    Hardware\OLED.c                          0x00000000   Number         0  oled.o ABSOLUTE
    Hardware\OLED_Data.c                     0x00000000   Number         0  oled_data.o ABSOLUTE
    Hardware\PWM.c                           0x00000000   Number         0  pwm.o ABSOLUTE
    Hardware\RCC.c                           0x00000000   Number         0  rcc.o ABSOLUTE
    Hardware\Serial.c                        0x00000000   Number         0  serial.o ABSOLUTE
    Library\misc.c                           0x00000000   Number         0  misc.o ABSOLUTE
    Library\stm32f10x_adc.c                  0x00000000   Number         0  stm32f10x_adc.o ABSOLUTE
    Library\stm32f10x_bkp.c                  0x00000000   Number         0  stm32f10x_bkp.o ABSOLUTE
    Library\stm32f10x_can.c                  0x00000000   Number         0  stm32f10x_can.o ABSOLUTE
    Library\stm32f10x_cec.c                  0x00000000   Number         0  stm32f10x_cec.o ABSOLUTE
    Library\stm32f10x_crc.c                  0x00000000   Number         0  stm32f10x_crc.o ABSOLUTE
    Library\stm32f10x_dac.c                  0x00000000   Number         0  stm32f10x_dac.o ABSOLUTE
    Library\stm32f10x_dbgmcu.c               0x00000000   Number         0  stm32f10x_dbgmcu.o ABSOLUTE
    Library\stm32f10x_dma.c                  0x00000000   Number         0  stm32f10x_dma.o ABSOLUTE
    Library\stm32f10x_exti.c                 0x00000000   Number         0  stm32f10x_exti.o ABSOLUTE
    Library\stm32f10x_flash.c                0x00000000   Number         0  stm32f10x_flash.o ABSOLUTE
    Library\stm32f10x_fsmc.c                 0x00000000   Number         0  stm32f10x_fsmc.o ABSOLUTE
    Library\stm32f10x_gpio.c                 0x00000000   Number         0  stm32f10x_gpio.o ABSOLUTE
    Library\stm32f10x_i2c.c                  0x00000000   Number         0  stm32f10x_i2c.o ABSOLUTE
    Library\stm32f10x_iwdg.c                 0x00000000   Number         0  stm32f10x_iwdg.o ABSOLUTE
    Library\stm32f10x_pwr.c                  0x00000000   Number         0  stm32f10x_pwr.o ABSOLUTE
    Library\stm32f10x_rcc.c                  0x00000000   Number         0  stm32f10x_rcc.o ABSOLUTE
    Library\stm32f10x_rtc.c                  0x00000000   Number         0  stm32f10x_rtc.o ABSOLUTE
    Library\stm32f10x_sdio.c                 0x00000000   Number         0  stm32f10x_sdio.o ABSOLUTE
    Library\stm32f10x_spi.c                  0x00000000   Number         0  stm32f10x_spi.o ABSOLUTE
    Library\stm32f10x_tim.c                  0x00000000   Number         0  stm32f10x_tim.o ABSOLUTE
    Library\stm32f10x_usart.c                0x00000000   Number         0  stm32f10x_usart.o ABSOLUTE
    Library\stm32f10x_wwdg.c                 0x00000000   Number         0  stm32f10x_wwdg.o ABSOLUTE
    Start\\core_cm3.c                        0x00000000   Number         0  core_cm3.o ABSOLUTE
    Start\core_cm3.c                         0x00000000   Number         0  core_cm3.o ABSOLUTE
    Start\startup_stm32f10x_md.s             0x00000000   Number         0  startup_stm32f10x_md.o ABSOLUTE
    Start\system_stm32f10x.c                 0x00000000   Number         0  system_stm32f10x.o ABSOLUTE
    System\Delay.c                           0x00000000   Number         0  delay.o ABSOLUTE
    System\Timer.c                           0x00000000   Number         0  timer.o ABSOLUTE
    System\protection.c                      0x00000000   Number         0  protection.o ABSOLUTE
    System\state_ctrl.c                      0x00000000   Number         0  state_ctrl.o ABSOLUTE
    User\define.c                            0x00000000   Number         0  define.o ABSOLUTE
    User\main.c                              0x00000000   Number         0  main.o ABSOLUTE
    User\stm32f10x_it.c                      0x00000000   Number         0  stm32f10x_it.o ABSOLUTE
    dc.s                                     0x00000000   Number         0  dc.o ABSOLUTE
    RESET                                    0x08000000   Section      236  startup_stm32f10x_md.o(RESET)
    !!!main                                  0x080000ec   Section        8  __main.o(!!!main)
    !!!scatter                               0x080000f4   Section       52  __scatter.o(!!!scatter)
    !!handler_copy                           0x08000128   Section       26  __scatter_copy.o(!!handler_copy)
    !!handler_zi                             0x08000144   Section       28  __scatter_zi.o(!!handler_zi)
    .ARM.Collect$$libinit$$00000000          0x08000160   Section        2  libinit.o(.ARM.Collect$$libinit$$00000000)
    .ARM.Collect$$libinit$$00000002          0x08000162   Section        0  libinit2.o(.ARM.Collect$$libinit$$00000002)
    .ARM.Collect$$libinit$$00000004          0x08000162   Section        0  libinit2.o(.ARM.Collect$$libinit$$00000004)
    .ARM.Collect$$libinit$$0000000A          0x08000162   Section        0  libinit2.o(.ARM.Collect$$libinit$$0000000A)
    .ARM.Collect$$libinit$$0000000C          0x08000162   Section        0  libinit2.o(.ARM.Collect$$libinit$$0000000C)
    .ARM.Collect$$libinit$$0000000E          0x08000162   Section        0  libinit2.o(.ARM.Collect$$libinit$$0000000E)
    .ARM.Collect$$libinit$$00000011          0x08000162   Section        0  libinit2.o(.ARM.Collect$$libinit$$00000011)
    .ARM.Collect$$libinit$$00000013          0x08000162   Section        0  libinit2.o(.ARM.Collect$$libinit$$00000013)
    .ARM.Collect$$libinit$$00000015          0x08000162   Section        0  libinit2.o(.ARM.Collect$$libinit$$00000015)
    .ARM.Collect$$libinit$$00000017          0x08000162   Section        0  libinit2.o(.ARM.Collect$$libinit$$00000017)
    .ARM.Collect$$libinit$$00000019          0x08000162   Section        0  libinit2.o(.ARM.Collect$$libinit$$00000019)
    .ARM.Collect$$libinit$$0000001B          0x08000162   Section        0  libinit2.o(.ARM.Collect$$libinit$$0000001B)
    .ARM.Collect$$libinit$$0000001D          0x08000162   Section        0  libinit2.o(.ARM.Collect$$libinit$$0000001D)
    .ARM.Collect$$libinit$$0000001F          0x08000162   Section        0  libinit2.o(.ARM.Collect$$libinit$$0000001F)
    .ARM.Collect$$libinit$$00000021          0x08000162   Section        0  libinit2.o(.ARM.Collect$$libinit$$00000021)
    .ARM.Collect$$libinit$$00000023          0x08000162   Section        0  libinit2.o(.ARM.Collect$$libinit$$00000023)
    .ARM.Collect$$libinit$$00000025          0x08000162   Section        0  libinit2.o(.ARM.Collect$$libinit$$00000025)
    .ARM.Collect$$libinit$$0000002C          0x08000162   Section        0  libinit2.o(.ARM.Collect$$libinit$$0000002C)
    .ARM.Collect$$libinit$$0000002E          0x08000162   Section        0  libinit2.o(.ARM.Collect$$libinit$$0000002E)
    .ARM.Collect$$libinit$$00000030          0x08000162   Section        0  libinit2.o(.ARM.Collect$$libinit$$00000030)
    .ARM.Collect$$libinit$$00000032          0x08000162   Section        0  libinit2.o(.ARM.Collect$$libinit$$00000032)
    .ARM.Collect$$libinit$$00000033          0x08000162   Section        2  libinit2.o(.ARM.Collect$$libinit$$00000033)
    .ARM.Collect$$libshutdown$$00000000      0x08000164   Section        2  libshutdown.o(.ARM.Collect$$libshutdown$$00000000)
    .ARM.Collect$$libshutdown$$00000002      0x08000166   Section        0  libshutdown2.o(.ARM.Collect$$libshutdown$$00000002)
    .ARM.Collect$$libshutdown$$00000004      0x08000166   Section        0  libshutdown2.o(.ARM.Collect$$libshutdown$$00000004)
    .ARM.Collect$$libshutdown$$00000007      0x08000166   Section        0  libshutdown2.o(.ARM.Collect$$libshutdown$$00000007)
    .ARM.Collect$$libshutdown$$0000000A      0x08000166   Section        0  libshutdown2.o(.ARM.Collect$$libshutdown$$0000000A)
    .ARM.Collect$$libshutdown$$0000000C      0x08000166   Section        0  libshutdown2.o(.ARM.Collect$$libshutdown$$0000000C)
    .ARM.Collect$$libshutdown$$0000000F      0x08000166   Section        0  libshutdown2.o(.ARM.Collect$$libshutdown$$0000000F)
    .ARM.Collect$$libshutdown$$00000010      0x08000166   Section        2  libshutdown2.o(.ARM.Collect$$libshutdown$$00000010)
    .ARM.Collect$$rtentry$$00000000          0x08000168   Section        0  __rtentry.o(.ARM.Collect$$rtentry$$00000000)
    .ARM.Collect$$rtentry$$00000002          0x08000168   Section        0  __rtentry2.o(.ARM.Collect$$rtentry$$00000002)
    .ARM.Collect$$rtentry$$00000004          0x08000168   Section        6  __rtentry4.o(.ARM.Collect$$rtentry$$00000004)
    .ARM.Collect$$rtentry$$00000009          0x0800016e   Section        0  __rtentry2.o(.ARM.Collect$$rtentry$$00000009)
    .ARM.Collect$$rtentry$$0000000A          0x0800016e   Section        4  __rtentry2.o(.ARM.Collect$$rtentry$$0000000A)
    .ARM.Collect$$rtentry$$0000000C          0x08000172   Section        0  __rtentry2.o(.ARM.Collect$$rtentry$$0000000C)
    .ARM.Collect$$rtentry$$0000000D          0x08000172   Section        8  __rtentry2.o(.ARM.Collect$$rtentry$$0000000D)
    .ARM.Collect$$rtexit$$00000000           0x0800017a   Section        2  rtexit.o(.ARM.Collect$$rtexit$$00000000)
    .ARM.Collect$$rtexit$$00000002           0x0800017c   Section        0  rtexit2.o(.ARM.Collect$$rtexit$$00000002)
    .ARM.Collect$$rtexit$$00000003           0x0800017c   Section        4  rtexit2.o(.ARM.Collect$$rtexit$$00000003)
    .ARM.Collect$$rtexit$$00000004           0x08000180   Section        6  rtexit2.o(.ARM.Collect$$rtexit$$00000004)
    .text                                    0x08000188   Section       64  startup_stm32f10x_md.o(.text)
    .text                                    0x080001c8   Section      128  strcmpv7m.o(.text)
    .text                                    0x08000248   Section        0  heapauxi.o(.text)
    .text                                    0x08000250   Section        8  libspace.o(.text)
    .text                                    0x08000258   Section       74  sys_stackheap_outer.o(.text)
    .text                                    0x080002a2   Section        0  exit.o(.text)
    .text                                    0x080002b4   Section        0  sys_exit.o(.text)
    .text                                    0x080002c0   Section        2  use_no_semi.o(.text)
    .text                                    0x080002c2   Section        0  indicate_semi.o(.text)
    i.ADC_Cmd                                0x080002c2   Section        0  stm32f10x_adc.o(i.ADC_Cmd)
    i.ADC_DMACmd                             0x080002d8   Section        0  stm32f10x_adc.o(i.ADC_DMACmd)
    i.ADC_GetCalibrationStatus               0x080002ee   Section        0  stm32f10x_adc.o(i.ADC_GetCalibrationStatus)
    i.ADC_GetResetCalibrationStatus          0x08000302   Section        0  stm32f10x_adc.o(i.ADC_GetResetCalibrationStatus)
    i.ADC_Init                               0x08000318   Section        0  stm32f10x_adc.o(i.ADC_Init)
    i.ADC_RegularChannelConfig               0x08000368   Section        0  stm32f10x_adc.o(i.ADC_RegularChannelConfig)
    i.ADC_ResetCalibration                   0x08000420   Section        0  stm32f10x_adc.o(i.ADC_ResetCalibration)
    i.ADC_SoftwareStartConvCmd               0x0800042a   Section        0  stm32f10x_adc.o(i.ADC_SoftwareStartConvCmd)
    i.ADC_StartCalibration                   0x08000440   Section        0  stm32f10x_adc.o(i.ADC_StartCalibration)
    i.ADTIM_Init                             0x0800044a   Section        0  adtim.o(i.ADTIM_Init)
    i.ADTIM_Interrupt_off                    0x080004c2   Section        0  adtim.o(i.ADTIM_Interrupt_off)
    i.ADTIM_Interrupt_on                     0x080004d8   Section        0  adtim.o(i.ADTIM_Interrupt_on)
    i.AD_Init                                0x080004f0   Section        0  ad.o(i.AD_Init)
    i.BusFault_Handler                       0x08000630   Section        0  stm32f10x_it.o(i.BusFault_Handler)
    i.DMA_Cmd                                0x08000634   Section        0  stm32f10x_dma.o(i.DMA_Cmd)
    i.DMA_Init                               0x0800064c   Section        0  stm32f10x_dma.o(i.DMA_Init)
    i.DebugMon_Handler                       0x08000688   Section        0  stm32f10x_it.o(i.DebugMon_Handler)
    i.Delay_ms                               0x0800068a   Section        0  delay.o(i.Delay_ms)
    i.Delay_us                               0x080006a2   Section        0  delay.o(i.Delay_us)
    i.EXTI4_IRQHandler                       0x080006d0   Section        0  encoder.o(i.EXTI4_IRQHandler)
    i.EXTI_ClearITPendingBit                 0x08000728   Section        0  stm32f10x_exti.o(i.EXTI_ClearITPendingBit)
    i.EXTI_GetITStatus                       0x08000734   Section        0  stm32f10x_exti.o(i.EXTI_GetITStatus)
    i.FLASH_PrefetchBufferCmd                0x0800075c   Section        0  stm32f10x_flash.o(i.FLASH_PrefetchBufferCmd)
    i.FLASH_SetLatency                       0x08000778   Section        0  stm32f10x_flash.o(i.FLASH_SetLatency)
    i.GPIO_Init                              0x08000790   Section        0  stm32f10x_gpio.o(i.GPIO_Init)
    i.GPIO_ReadInputDataBit                  0x080008a6   Section        0  stm32f10x_gpio.o(i.GPIO_ReadInputDataBit)
    i.GPIO_WriteBit                          0x080008b8   Section        0  stm32f10x_gpio.o(i.GPIO_WriteBit)
    i.HardFault_Handler                      0x080008c2   Section        0  stm32f10x_it.o(i.HardFault_Handler)
    i.Key_GetNum                             0x080008c8   Section        0  key.o(i.Key_GetNum)
    i.Key_Init                               0x08000980   Section        0  key.o(i.Key_Init)
    i.MemManage_Handler                      0x080009c0   Section        0  stm32f10x_it.o(i.MemManage_Handler)
    i.NMI_Handler                            0x080009c4   Section        0  stm32f10x_it.o(i.NMI_Handler)
    i.NVIC_Init                              0x080009c8   Section        0  misc.o(i.NVIC_Init)
    i.NVIC_PriorityGroupConfig               0x08000a38   Section        0  misc.o(i.NVIC_PriorityGroupConfig)
    i.OLED_Clear                             0x08000a4c   Section        0  oled.o(i.OLED_Clear)
    i.OLED_ClearArea                         0x08000a74   Section        0  oled.o(i.OLED_ClearArea)
    i.OLED_GPIO_Init                         0x08000b1c   Section        0  oled.o(i.OLED_GPIO_Init)
    i.OLED_I2C_SendByte                      0x08000b7c   Section        0  oled.o(i.OLED_I2C_SendByte)
    i.OLED_I2C_Start                         0x08000bba   Section        0  oled.o(i.OLED_I2C_Start)
    i.OLED_I2C_Stop                          0x08000bd6   Section        0  oled.o(i.OLED_I2C_Stop)
    i.OLED_Init                              0x08000bec   Section        0  oled.o(i.OLED_Init)
    i.OLED_Pow                               0x08000c7e   Section        0  oled.o(i.OLED_Pow)
    i.OLED_ReverseArea                       0x08000c94   Section        0  oled.o(i.OLED_ReverseArea)
    i.OLED_SetCursor                         0x08000d3c   Section        0  oled.o(i.OLED_SetCursor)
    i.OLED_ShowChar                          0x08000d60   Section        0  oled.o(i.OLED_ShowChar)
    i.OLED_ShowChinese                       0x08000db4   Section        0  oled.o(i.OLED_ShowChinese)
    i.OLED_ShowImage                         0x08000e4c   Section        0  oled.o(i.OLED_ShowImage)
    i.OLED_ShowNum                           0x08000f78   Section        0  oled.o(i.OLED_ShowNum)
    i.OLED_ShowSignedNum                     0x08000fc4   Section        0  oled.o(i.OLED_ShowSignedNum)
    i.OLED_ShowString                        0x08001034   Section        0  oled.o(i.OLED_ShowString)
    i.OLED_Update                            0x08001064   Section        0  oled.o(i.OLED_Update)
    i.OLED_W_SCL                             0x0800108c   Section        0  oled.o(i.OLED_W_SCL)
    i.OLED_W_SDA                             0x080010a4   Section        0  oled.o(i.OLED_W_SDA)
    i.OLED_WriteCommand                      0x080010bc   Section        0  oled.o(i.OLED_WriteCommand)
    i.OLED_WriteData                         0x080010dc   Section        0  oled.o(i.OLED_WriteData)
    i.PWM_Duty_Set                           0x0800110c   Section        0  pwm.o(i.PWM_Duty_Set)
    i.PWM_Init                               0x08001120   Section        0  pwm.o(i.PWM_Init)
    i.PWM_Interrupt_off                      0x080011f0   Section        0  pwm.o(i.PWM_Interrupt_off)
    i.PWM_Interrupt_on                       0x0800120c   Section        0  pwm.o(i.PWM_Interrupt_on)
    i.PendSV_Handler                         0x08001228   Section        0  stm32f10x_it.o(i.PendSV_Handler)
    i.Protection_Init                        0x0800122c   Section        0  protection.o(i.Protection_Init)
    i.RCC_ADCCLKConfig                       0x080012b4   Section        0  stm32f10x_rcc.o(i.RCC_ADCCLKConfig)
    i.RCC_AHBPeriphClockCmd                  0x080012cc   Section        0  stm32f10x_rcc.o(i.RCC_AHBPeriphClockCmd)
    i.RCC_APB1PeriphClockCmd                 0x080012ec   Section        0  stm32f10x_rcc.o(i.RCC_APB1PeriphClockCmd)
    i.RCC_APB2PeriphClockCmd                 0x0800130c   Section        0  stm32f10x_rcc.o(i.RCC_APB2PeriphClockCmd)
    i.RCC_DeInit                             0x0800132c   Section        0  stm32f10x_rcc.o(i.RCC_DeInit)
    i.RCC_GetClocksFreq                      0x08001378   Section        0  stm32f10x_rcc.o(i.RCC_GetClocksFreq)
    i.RCC_GetFlagStatus                      0x0800144c   Section        0  stm32f10x_rcc.o(i.RCC_GetFlagStatus)
    i.RCC_GetSYSCLKSource                    0x08001488   Section        0  stm32f10x_rcc.o(i.RCC_GetSYSCLKSource)
    i.RCC_HCLKConfig                         0x08001498   Section        0  stm32f10x_rcc.o(i.RCC_HCLKConfig)
    i.RCC_HSEConfig                          0x080014b0   Section        0  stm32f10x_rcc.o(i.RCC_HSEConfig)
    i.RCC_PCLK1Config                        0x080014fc   Section        0  stm32f10x_rcc.o(i.RCC_PCLK1Config)
    i.RCC_PCLK2Config                        0x08001514   Section        0  stm32f10x_rcc.o(i.RCC_PCLK2Config)
    i.RCC_PLLCmd                             0x0800152c   Section        0  stm32f10x_rcc.o(i.RCC_PLLCmd)
    i.RCC_PLLConfig                          0x08001538   Section        0  stm32f10x_rcc.o(i.RCC_PLLConfig)
    i.RCC_SYSCLKConfig                       0x08001554   Section        0  stm32f10x_rcc.o(i.RCC_SYSCLKConfig)
    i.RCC_WaitForHSEStartUp                  0x0800156c   Section        0  stm32f10x_rcc.o(i.RCC_WaitForHSEStartUp)
    i.SVC_Handler                            0x080015a4   Section        0  stm32f10x_it.o(i.SVC_Handler)
    i.Serial_Init                            0x080015a8   Section        0  serial.o(i.Serial_Init)
    i.SetSysClock                            0x08001614   Section        0  system_stm32f10x.o(i.SetSysClock)
    SetSysClock                              0x08001615   Thumb Code     8  system_stm32f10x.o(i.SetSysClock)
    i.SetSysClockTo72                        0x0800161c   Section        0  system_stm32f10x.o(i.SetSysClockTo72)
    SetSysClockTo72                          0x0800161d   Thumb Code   214  system_stm32f10x.o(i.SetSysClockTo72)
    i.SysTick_Handler                        0x080016fc   Section        0  stm32f10x_it.o(i.SysTick_Handler)
    i.SystemClock_Config                     0x080016fe   Section        0  rcc.o(i.SystemClock_Config)
    i.SystemInit                             0x08001768   Section        0  system_stm32f10x.o(i.SystemInit)
    i.TIM2_IRQHandler                        0x080017c8   Section        0  adtim.o(i.TIM2_IRQHandler)
    i.TIM3_IRQHandler                        0x08001828   Section        0  pwm.o(i.TIM3_IRQHandler)
    i.TIM4_IRQHandler                        0x08001a1c   Section        0  timer.o(i.TIM4_IRQHandler)
    i.TIM_ARRPreloadConfig                   0x08001c48   Section        0  stm32f10x_tim.o(i.TIM_ARRPreloadConfig)
    i.TIM_ClearFlag                          0x08001c60   Section        0  stm32f10x_tim.o(i.TIM_ClearFlag)
    i.TIM_ClearITPendingBit                  0x08001c66   Section        0  stm32f10x_tim.o(i.TIM_ClearITPendingBit)
    i.TIM_Cmd                                0x08001c6c   Section        0  stm32f10x_tim.o(i.TIM_Cmd)
    i.TIM_GetITStatus                        0x08001c84   Section        0  stm32f10x_tim.o(i.TIM_GetITStatus)
    i.TIM_ITConfig                           0x08001ca6   Section        0  stm32f10x_tim.o(i.TIM_ITConfig)
    i.TIM_InternalClockConfig                0x08001cb8   Section        0  stm32f10x_tim.o(i.TIM_InternalClockConfig)
    i.TIM_OC1Init                            0x08001cc4   Section        0  stm32f10x_tim.o(i.TIM_OC1Init)
    i.TIM_OC1PreloadConfig                   0x08001d5c   Section        0  stm32f10x_tim.o(i.TIM_OC1PreloadConfig)
    i.TIM_OCStructInit                       0x08001d6e   Section        0  stm32f10x_tim.o(i.TIM_OCStructInit)
    i.TIM_SetCompare1                        0x08001d82   Section        0  stm32f10x_tim.o(i.TIM_SetCompare1)
    i.TIM_TimeBaseInit                       0x08001d88   Section        0  stm32f10x_tim.o(i.TIM_TimeBaseInit)
    i.Timer_Init                             0x08001e2c   Section        0  timer.o(i.Timer_Init)
    i.Timer_Interrupt_off                    0x08001ea4   Section        0  timer.o(i.Timer_Interrupt_off)
    i.Timer_Interrupt_on                     0x08001ec0   Section        0  timer.o(i.Timer_Interrupt_on)
    i.USART_Cmd                              0x08001edc   Section        0  stm32f10x_usart.o(i.USART_Cmd)
    i.USART_Init                             0x08001ef4   Section        0  stm32f10x_usart.o(i.USART_Init)
    i.UsageFault_Handler                     0x08001fcc   Section        0  stm32f10x_it.o(i.UsageFault_Handler)
    i.main                                   0x08001fd0   Section        0  main.o(i.main)
    i.protect                                0x080026c8   Section        0  protection.o(i.protect)
    i.turn_zero                              0x08002760   Section        0  define.o(i.turn_zero)
    i.work_continue                          0x08002814   Section        0  state_ctrl.o(i.work_continue)
    i.work_first_time_on                     0x08002844   Section        0  state_ctrl.o(i.work_first_time_on)
    i.work_off                               0x08002868   Section        0  state_ctrl.o(i.work_off)
    i.work_on                                0x080028b4   Section        0  state_ctrl.o(i.work_on)
    i.work_suspend                           0x080028f4   Section        0  state_ctrl.o(i.work_suspend)
    x$fpl$dadd                               0x08002924   Section      336  daddsub_clz.o(x$fpl$dadd)
    _dadd1                                   0x08002935   Thumb Code     0  daddsub_clz.o(x$fpl$dadd)
    x$fpl$dfix                               0x08002a74   Section       94  dfix.o(x$fpl$dfix)
    x$fpl$dfixu                              0x08002ad4   Section       90  dfixu.o(x$fpl$dfixu)
    x$fpl$dflt                               0x08002b2e   Section       46  dflt_clz.o(x$fpl$dflt)
    x$fpl$dfltu                              0x08002b5c   Section       38  dflt_clz.o(x$fpl$dfltu)
    x$fpl$dmul                               0x08002b84   Section      340  dmul.o(x$fpl$dmul)
    x$fpl$dnaninf                            0x08002cd8   Section      156  dnaninf.o(x$fpl$dnaninf)
    x$fpl$dretinf                            0x08002d74   Section       12  dretinf.o(x$fpl$dretinf)
    x$fpl$dsub                               0x08002d80   Section      468  daddsub_clz.o(x$fpl$dsub)
    _dsub1                                   0x08002d91   Thumb Code     0  daddsub_clz.o(x$fpl$dsub)
    .constdata                               0x08002f54   Section     3142  oled_data.o(.constdata)
    x$fpl$usenofp                            0x08002f54   Section        0  usenofp.o(x$fpl$usenofp)
    .data                                    0x20000000   Section       20  stm32f10x_rcc.o(.data)
    APBAHBPrescTable                         0x20000000   Data          16  stm32f10x_rcc.o(.data)
    ADCPrescTable                            0x20000010   Data           4  stm32f10x_rcc.o(.data)
    .data                                    0x20000014   Section        8  ad.o(.data)
    .data                                    0x2000001c   Section        2  encoder.o(.data)
    .data                                    0x20000020   Section      133  define.o(.data)
    .bss                                     0x200000a8   Section     1024  oled.o(.bss)
    .bss                                     0x200004a8   Section       96  libspace.o(.bss)
    HEAP                                     0x20000508   Section      512  startup_stm32f10x_md.o(HEAP)
    Heap_Mem                                 0x20000508   Data         512  startup_stm32f10x_md.o(HEAP)
    STACK                                    0x20000708   Section     1024  startup_stm32f10x_md.o(STACK)
    Stack_Mem                                0x20000708   Data        1024  startup_stm32f10x_md.o(STACK)
    __initial_sp                             0x20000b08   Data           0  startup_stm32f10x_md.o(STACK)

    Global Symbols

    Symbol Name                              Value     Ov Type        Size  Object(Section)

    BuildAttributes$$THM_ISAv4$P$D$K$B$S$PE$A:L22UL41UL21$X:L11$S22US41US21$IEEE1$IW$USESV6$~STKCKD$USESV7$~SHL$OTIME$ROPI$IEEEX$EBA8$UX$STANDARDLIB$REQ8$PRES8$EABIv2 0x00000000   Number         0  anon$$obj.o ABSOLUTE
    __ARM_use_no_argv                        0x00000000   Number         0  main.o ABSOLUTE
    _printf_flags                            0x00000000   Number         0  printf_stubs.o ABSOLUTE
    _printf_return_value                     0x00000000   Number         0  printf_stubs.o ABSOLUTE
    _printf_sizespec                         0x00000000   Number         0  printf_stubs.o ABSOLUTE
    _printf_widthprec                        0x00000000   Number         0  printf_stubs.o ABSOLUTE
    __ARM_exceptions_init                     - Undefined Weak Reference
    __alloca_initialize                       - Undefined Weak Reference
    __arm_preinit_                            - Undefined Weak Reference
    __cpp_initialize__aeabi_                  - Undefined Weak Reference
    __cxa_finalize                            - Undefined Weak Reference
    __sigvec_lookup                           - Undefined Weak Reference
    _atexit_init                              - Undefined Weak Reference
    _call_atexit_fns                          - Undefined Weak Reference
    _clock_init                               - Undefined Weak Reference
    _fp_trap_init                             - Undefined Weak Reference
    _fp_trap_shutdown                         - Undefined Weak Reference
    _get_lc_collate                           - Undefined Weak Reference
    _get_lc_monetary                          - Undefined Weak Reference
    _get_lc_time                              - Undefined Weak Reference
    _getenv_init                              - Undefined Weak Reference
    _handle_redirection                       - Undefined Weak Reference
    _init_alloc                               - Undefined Weak Reference
    _init_user_alloc                          - Undefined Weak Reference
    _initio                                   - Undefined Weak Reference
    _printf_mbtowc                            - Undefined Weak Reference
    _printf_wc                                - Undefined Weak Reference
    _rand_init                                - Undefined Weak Reference
    _signal_finish                            - Undefined Weak Reference
    _signal_init                              - Undefined Weak Reference
    _terminate_alloc                          - Undefined Weak Reference
    _terminate_user_alloc                     - Undefined Weak Reference
    _terminateio                              - Undefined Weak Reference
    __Vectors_Size                           0x000000ec   Number         0  startup_stm32f10x_md.o ABSOLUTE
    __Vectors                                0x08000000   Data           4  startup_stm32f10x_md.o(RESET)
    __Vectors_End                            0x080000ec   Data           0  startup_stm32f10x_md.o(RESET)
    __main                                   0x080000ed   Thumb Code     8  __main.o(!!!main)
    __scatterload                            0x080000f5   Thumb Code     0  __scatter.o(!!!scatter)
    __scatterload_rt2                        0x080000f5   Thumb Code    44  __scatter.o(!!!scatter)
    __scatterload_rt2_thumb_only             0x080000f5   Thumb Code     0  __scatter.o(!!!scatter)
    __scatterload_null                       0x08000103   Thumb Code     0  __scatter.o(!!!scatter)
    __scatterload_copy                       0x08000129   Thumb Code    26  __scatter_copy.o(!!handler_copy)
    __scatterload_zeroinit                   0x08000145   Thumb Code    28  __scatter_zi.o(!!handler_zi)
    __rt_lib_init                            0x08000161   Thumb Code     0  libinit.o(.ARM.Collect$$libinit$$00000000)
    __rt_lib_init_alloca_1                   0x08000163   Thumb Code     0  libinit2.o(.ARM.Collect$$libinit$$0000002E)
    __rt_lib_init_argv_1                     0x08000163   Thumb Code     0  libinit2.o(.ARM.Collect$$libinit$$0000002C)
    __rt_lib_init_atexit_1                   0x08000163   Thumb Code     0  libinit2.o(.ARM.Collect$$libinit$$0000001B)
    __rt_lib_init_clock_1                    0x08000163   Thumb Code     0  libinit2.o(.ARM.Collect$$libinit$$00000021)
    __rt_lib_init_cpp_1                      0x08000163   Thumb Code     0  libinit2.o(.ARM.Collect$$libinit$$00000032)
    __rt_lib_init_exceptions_1               0x08000163   Thumb Code     0  libinit2.o(.ARM.Collect$$libinit$$00000030)
    __rt_lib_init_fp_1                       0x08000163   Thumb Code     0  libinit2.o(.ARM.Collect$$libinit$$00000002)
    __rt_lib_init_fp_trap_1                  0x08000163   Thumb Code     0  libinit2.o(.ARM.Collect$$libinit$$0000001F)
    __rt_lib_init_getenv_1                   0x08000163   Thumb Code     0  libinit2.o(.ARM.Collect$$libinit$$00000023)
    __rt_lib_init_heap_1                     0x08000163   Thumb Code     0  libinit2.o(.ARM.Collect$$libinit$$0000000A)
    __rt_lib_init_lc_collate_1               0x08000163   Thumb Code     0  libinit2.o(.ARM.Collect$$libinit$$00000011)
    __rt_lib_init_lc_ctype_1                 0x08000163   Thumb Code     0  libinit2.o(.ARM.Collect$$libinit$$00000013)
    __rt_lib_init_lc_monetary_1              0x08000163   Thumb Code     0  libinit2.o(.ARM.Collect$$libinit$$00000015)
    __rt_lib_init_lc_numeric_1               0x08000163   Thumb Code     0  libinit2.o(.ARM.Collect$$libinit$$00000017)
    __rt_lib_init_lc_time_1                  0x08000163   Thumb Code     0  libinit2.o(.ARM.Collect$$libinit$$00000019)
    __rt_lib_init_preinit_1                  0x08000163   Thumb Code     0  libinit2.o(.ARM.Collect$$libinit$$00000004)
    __rt_lib_init_rand_1                     0x08000163   Thumb Code     0  libinit2.o(.ARM.Collect$$libinit$$0000000E)
    __rt_lib_init_return                     0x08000163   Thumb Code     0  libinit2.o(.ARM.Collect$$libinit$$00000033)
    __rt_lib_init_signal_1                   0x08000163   Thumb Code     0  libinit2.o(.ARM.Collect$$libinit$$0000001D)
    __rt_lib_init_stdio_1                    0x08000163   Thumb Code     0  libinit2.o(.ARM.Collect$$libinit$$00000025)
    __rt_lib_init_user_alloc_1               0x08000163   Thumb Code     0  libinit2.o(.ARM.Collect$$libinit$$0000000C)
    __rt_lib_shutdown                        0x08000165   Thumb Code     0  libshutdown.o(.ARM.Collect$$libshutdown$$00000000)
    __rt_lib_shutdown_cpp_1                  0x08000167   Thumb Code     0  libshutdown2.o(.ARM.Collect$$libshutdown$$00000002)
    __rt_lib_shutdown_fp_trap_1              0x08000167   Thumb Code     0  libshutdown2.o(.ARM.Collect$$libshutdown$$00000007)
    __rt_lib_shutdown_heap_1                 0x08000167   Thumb Code     0  libshutdown2.o(.ARM.Collect$$libshutdown$$0000000F)
    __rt_lib_shutdown_return                 0x08000167   Thumb Code     0  libshutdown2.o(.ARM.Collect$$libshutdown$$00000010)
    __rt_lib_shutdown_signal_1               0x08000167   Thumb Code     0  libshutdown2.o(.ARM.Collect$$libshutdown$$0000000A)
    __rt_lib_shutdown_stdio_1                0x08000167   Thumb Code     0  libshutdown2.o(.ARM.Collect$$libshutdown$$00000004)
    __rt_lib_shutdown_user_alloc_1           0x08000167   Thumb Code     0  libshutdown2.o(.ARM.Collect$$libshutdown$$0000000C)
    __rt_entry                               0x08000169   Thumb Code     0  __rtentry.o(.ARM.Collect$$rtentry$$00000000)
    __rt_entry_presh_1                       0x08000169   Thumb Code     0  __rtentry2.o(.ARM.Collect$$rtentry$$00000002)
    __rt_entry_sh                            0x08000169   Thumb Code     0  __rtentry4.o(.ARM.Collect$$rtentry$$00000004)
    __rt_entry_li                            0x0800016f   Thumb Code     0  __rtentry2.o(.ARM.Collect$$rtentry$$0000000A)
    __rt_entry_postsh_1                      0x0800016f   Thumb Code     0  __rtentry2.o(.ARM.Collect$$rtentry$$00000009)
    __rt_entry_main                          0x08000173   Thumb Code     0  __rtentry2.o(.ARM.Collect$$rtentry$$0000000D)
    __rt_entry_postli_1                      0x08000173   Thumb Code     0  __rtentry2.o(.ARM.Collect$$rtentry$$0000000C)
    __rt_exit                                0x0800017b   Thumb Code     0  rtexit.o(.ARM.Collect$$rtexit$$00000000)
    __rt_exit_ls                             0x0800017d   Thumb Code     0  rtexit2.o(.ARM.Collect$$rtexit$$00000003)
    __rt_exit_prels_1                        0x0800017d   Thumb Code     0  rtexit2.o(.ARM.Collect$$rtexit$$00000002)
    __rt_exit_exit                           0x08000181   Thumb Code     0  rtexit2.o(.ARM.Collect$$rtexit$$00000004)
    Reset_Handler                            0x08000189   Thumb Code     8  startup_stm32f10x_md.o(.text)
    ADC1_2_IRQHandler                        0x080001a3   Thumb Code     0  startup_stm32f10x_md.o(.text)
    CAN1_RX1_IRQHandler                      0x080001a3   Thumb Code     0  startup_stm32f10x_md.o(.text)
    CAN1_SCE_IRQHandler                      0x080001a3   Thumb Code     0  startup_stm32f10x_md.o(.text)
    DMA1_Channel1_IRQHandler                 0x080001a3   Thumb Code     0  startup_stm32f10x_md.o(.text)
    DMA1_Channel2_IRQHandler                 0x080001a3   Thumb Code     0  startup_stm32f10x_md.o(.text)
    DMA1_Channel3_IRQHandler                 0x080001a3   Thumb Code     0  startup_stm32f10x_md.o(.text)
    DMA1_Channel4_IRQHandler                 0x080001a3   Thumb Code     0  startup_stm32f10x_md.o(.text)
    DMA1_Channel5_IRQHandler                 0x080001a3   Thumb Code     0  startup_stm32f10x_md.o(.text)
    DMA1_Channel6_IRQHandler                 0x080001a3   Thumb Code     0  startup_stm32f10x_md.o(.text)
    DMA1_Channel7_IRQHandler                 0x080001a3   Thumb Code     0  startup_stm32f10x_md.o(.text)
    EXTI0_IRQHandler                         0x080001a3   Thumb Code     0  startup_stm32f10x_md.o(.text)
    EXTI15_10_IRQHandler                     0x080001a3   Thumb Code     0  startup_stm32f10x_md.o(.text)
    EXTI1_IRQHandler                         0x080001a3   Thumb Code     0  startup_stm32f10x_md.o(.text)
    EXTI2_IRQHandler                         0x080001a3   Thumb Code     0  startup_stm32f10x_md.o(.text)
    EXTI3_IRQHandler                         0x080001a3   Thumb Code     0  startup_stm32f10x_md.o(.text)
    EXTI9_5_IRQHandler                       0x080001a3   Thumb Code     0  startup_stm32f10x_md.o(.text)
    FLASH_IRQHandler                         0x080001a3   Thumb Code     0  startup_stm32f10x_md.o(.text)
    I2C1_ER_IRQHandler                       0x080001a3   Thumb Code     0  startup_stm32f10x_md.o(.text)
    I2C1_EV_IRQHandler                       0x080001a3   Thumb Code     0  startup_stm32f10x_md.o(.text)
    I2C2_ER_IRQHandler                       0x080001a3   Thumb Code     0  startup_stm32f10x_md.o(.text)
    I2C2_EV_IRQHandler                       0x080001a3   Thumb Code     0  startup_stm32f10x_md.o(.text)
    PVD_IRQHandler                           0x080001a3   Thumb Code     0  startup_stm32f10x_md.o(.text)
    RCC_IRQHandler                           0x080001a3   Thumb Code     0  startup_stm32f10x_md.o(.text)
    RTCAlarm_IRQHandler                      0x080001a3   Thumb Code     0  startup_stm32f10x_md.o(.text)
    RTC_IRQHandler                           0x080001a3   Thumb Code     0  startup_stm32f10x_md.o(.text)
    SPI1_IRQHandler                          0x080001a3   Thumb Code     0  startup_stm32f10x_md.o(.text)
    SPI2_IRQHandler                          0x080001a3   Thumb Code     0  startup_stm32f10x_md.o(.text)
    TAMPER_IRQHandler                        0x080001a3   Thumb Code     0  startup_stm32f10x_md.o(.text)
    TIM1_BRK_IRQHandler                      0x080001a3   Thumb Code     0  startup_stm32f10x_md.o(.text)
    TIM1_CC_IRQHandler                       0x080001a3   Thumb Code     0  startup_stm32f10x_md.o(.text)
    TIM1_TRG_COM_IRQHandler                  0x080001a3   Thumb Code     0  startup_stm32f10x_md.o(.text)
    TIM1_UP_IRQHandler                       0x080001a3   Thumb Code     0  startup_stm32f10x_md.o(.text)
    USART1_IRQHandler                        0x080001a3   Thumb Code     0  startup_stm32f10x_md.o(.text)
    USART2_IRQHandler                        0x080001a3   Thumb Code     0  startup_stm32f10x_md.o(.text)
    USART3_IRQHandler                        0x080001a3   Thumb Code     0  startup_stm32f10x_md.o(.text)
    USBWakeUp_IRQHandler                     0x080001a3   Thumb Code     0  startup_stm32f10x_md.o(.text)
    USB_HP_CAN1_TX_IRQHandler                0x080001a3   Thumb Code     0  startup_stm32f10x_md.o(.text)
    USB_LP_CAN1_RX0_IRQHandler               0x080001a3   Thumb Code     0  startup_stm32f10x_md.o(.text)
    WWDG_IRQHandler                          0x080001a3   Thumb Code     0  startup_stm32f10x_md.o(.text)
    __user_initial_stackheap                 0x080001a5   Thumb Code     0  startup_stm32f10x_md.o(.text)
    strcmp                                   0x080001c9   Thumb Code   128  strcmpv7m.o(.text)
    __use_two_region_memory                  0x08000249   Thumb Code     2  heapauxi.o(.text)
    __rt_heap_escrow$2region                 0x0800024b   Thumb Code     2  heapauxi.o(.text)
    __rt_heap_expand$2region                 0x0800024d   Thumb Code     2  heapauxi.o(.text)
    __user_libspace                          0x08000251   Thumb Code     8  libspace.o(.text)
    __user_perproc_libspace                  0x08000251   Thumb Code     0  libspace.o(.text)
    __user_perthread_libspace                0x08000251   Thumb Code     0  libspace.o(.text)
    __user_setup_stackheap                   0x08000259   Thumb Code    74  sys_stackheap_outer.o(.text)
    exit                                     0x080002a3   Thumb Code    18  exit.o(.text)
    _sys_exit                                0x080002b5   Thumb Code     8  sys_exit.o(.text)
    __I$use$semihosting                      0x080002c1   Thumb Code     0  use_no_semi.o(.text)
    __use_no_semihosting_swi                 0x080002c1   Thumb Code     2  use_no_semi.o(.text)
    ADC_Cmd                                  0x080002c3   Thumb Code    22  stm32f10x_adc.o(i.ADC_Cmd)
    __semihosting_library_function           0x080002c3   Thumb Code     0  indicate_semi.o(.text)
    ADC_DMACmd                               0x080002d9   Thumb Code    22  stm32f10x_adc.o(i.ADC_DMACmd)
    ADC_GetCalibrationStatus                 0x080002ef   Thumb Code    20  stm32f10x_adc.o(i.ADC_GetCalibrationStatus)
    ADC_GetResetCalibrationStatus            0x08000303   Thumb Code    20  stm32f10x_adc.o(i.ADC_GetResetCalibrationStatus)
    ADC_Init                                 0x08000319   Thumb Code    70  stm32f10x_adc.o(i.ADC_Init)
    ADC_RegularChannelConfig                 0x08000369   Thumb Code   184  stm32f10x_adc.o(i.ADC_RegularChannelConfig)
    ADC_ResetCalibration                     0x08000421   Thumb Code    10  stm32f10x_adc.o(i.ADC_ResetCalibration)
    ADC_SoftwareStartConvCmd                 0x0800042b   Thumb Code    22  stm32f10x_adc.o(i.ADC_SoftwareStartConvCmd)
    ADC_StartCalibration                     0x08000441   Thumb Code    10  stm32f10x_adc.o(i.ADC_StartCalibration)
    ADTIM_Init                               0x0800044b   Thumb Code   120  adtim.o(i.ADTIM_Init)
    ADTIM_Interrupt_off                      0x080004c3   Thumb Code    22  adtim.o(i.ADTIM_Interrupt_off)
    ADTIM_Interrupt_on                       0x080004d9   Thumb Code    22  adtim.o(i.ADTIM_Interrupt_on)
    AD_Init                                  0x080004f1   Thumb Code   300  ad.o(i.AD_Init)
    BusFault_Handler                         0x08000631   Thumb Code     4  stm32f10x_it.o(i.BusFault_Handler)
    DMA_Cmd                                  0x08000635   Thumb Code    24  stm32f10x_dma.o(i.DMA_Cmd)
    DMA_Init                                 0x0800064d   Thumb Code    60  stm32f10x_dma.o(i.DMA_Init)
    DebugMon_Handler                         0x08000689   Thumb Code     2  stm32f10x_it.o(i.DebugMon_Handler)
    Delay_ms                                 0x0800068b   Thumb Code    24  delay.o(i.Delay_ms)
    Delay_us                                 0x080006a3   Thumb Code    46  delay.o(i.Delay_us)
    EXTI4_IRQHandler                         0x080006d1   Thumb Code    80  encoder.o(i.EXTI4_IRQHandler)
    EXTI_ClearITPendingBit                   0x08000729   Thumb Code     6  stm32f10x_exti.o(i.EXTI_ClearITPendingBit)
    EXTI_GetITStatus                         0x08000735   Thumb Code    34  stm32f10x_exti.o(i.EXTI_GetITStatus)
    FLASH_PrefetchBufferCmd                  0x0800075d   Thumb Code    22  stm32f10x_flash.o(i.FLASH_PrefetchBufferCmd)
    FLASH_SetLatency                         0x08000779   Thumb Code    18  stm32f10x_flash.o(i.FLASH_SetLatency)
    GPIO_Init                                0x08000791   Thumb Code   278  stm32f10x_gpio.o(i.GPIO_Init)
    GPIO_ReadInputDataBit                    0x080008a7   Thumb Code    18  stm32f10x_gpio.o(i.GPIO_ReadInputDataBit)
    GPIO_WriteBit                            0x080008b9   Thumb Code    10  stm32f10x_gpio.o(i.GPIO_WriteBit)
    HardFault_Handler                        0x080008c3   Thumb Code     4  stm32f10x_it.o(i.HardFault_Handler)
    Key_GetNum                               0x080008c9   Thumb Code   176  key.o(i.Key_GetNum)
    Key_Init                                 0x08000981   Thumb Code    56  key.o(i.Key_Init)
    MemManage_Handler                        0x080009c1   Thumb Code     4  stm32f10x_it.o(i.MemManage_Handler)
    NMI_Handler                              0x080009c5   Thumb Code     2  stm32f10x_it.o(i.NMI_Handler)
    NVIC_Init                                0x080009c9   Thumb Code   100  misc.o(i.NVIC_Init)
    NVIC_PriorityGroupConfig                 0x08000a39   Thumb Code    10  misc.o(i.NVIC_PriorityGroupConfig)
    OLED_Clear                               0x08000a4d   Thumb Code    36  oled.o(i.OLED_Clear)
    OLED_ClearArea                           0x08000a75   Thumb Code   162  oled.o(i.OLED_ClearArea)
    OLED_GPIO_Init                           0x08000b1d   Thumb Code    92  oled.o(i.OLED_GPIO_Init)
    OLED_I2C_SendByte                        0x08000b7d   Thumb Code    62  oled.o(i.OLED_I2C_SendByte)
    OLED_I2C_Start                           0x08000bbb   Thumb Code    28  oled.o(i.OLED_I2C_Start)
    OLED_I2C_Stop                            0x08000bd7   Thumb Code    22  oled.o(i.OLED_I2C_Stop)
    OLED_Init                                0x08000bed   Thumb Code   146  oled.o(i.OLED_Init)
    OLED_Pow                                 0x08000c7f   Thumb Code    20  oled.o(i.OLED_Pow)
    OLED_ReverseArea                         0x08000c95   Thumb Code   162  oled.o(i.OLED_ReverseArea)
    OLED_SetCursor                           0x08000d3d   Thumb Code    34  oled.o(i.OLED_SetCursor)
    OLED_ShowChar                            0x08000d61   Thumb Code    74  oled.o(i.OLED_ShowChar)
    OLED_ShowChinese                         0x08000db5   Thumb Code   144  oled.o(i.OLED_ShowChinese)
    OLED_ShowImage                           0x08000e4d   Thumb Code   296  oled.o(i.OLED_ShowImage)
    OLED_ShowNum                             0x08000f79   Thumb Code    76  oled.o(i.OLED_ShowNum)
    OLED_ShowSignedNum                       0x08000fc5   Thumb Code   112  oled.o(i.OLED_ShowSignedNum)
    OLED_ShowString                          0x08001035   Thumb Code    46  oled.o(i.OLED_ShowString)
    OLED_Update                              0x08001065   Thumb Code    36  oled.o(i.OLED_Update)
    OLED_W_SCL                               0x0800108d   Thumb Code    18  oled.o(i.OLED_W_SCL)
    OLED_W_SDA                               0x080010a5   Thumb Code    18  oled.o(i.OLED_W_SDA)
    OLED_WriteCommand                        0x080010bd   Thumb Code    32  oled.o(i.OLED_WriteCommand)
    OLED_WriteData                           0x080010dd   Thumb Code    46  oled.o(i.OLED_WriteData)
    PWM_Duty_Set                             0x0800110d   Thumb Code    14  pwm.o(i.PWM_Duty_Set)
    PWM_Init                                 0x08001121   Thumb Code   200  pwm.o(i.PWM_Init)
    PWM_Interrupt_off                        0x080011f1   Thumb Code    22  pwm.o(i.PWM_Interrupt_off)
    PWM_Interrupt_on                         0x0800120d   Thumb Code    22  pwm.o(i.PWM_Interrupt_on)
    PendSV_Handler                           0x08001229   Thumb Code     2  stm32f10x_it.o(i.PendSV_Handler)
    Protection_Init                          0x0800122d   Thumb Code   128  protection.o(i.Protection_Init)
    RCC_ADCCLKConfig                         0x080012b5   Thumb Code    18  stm32f10x_rcc.o(i.RCC_ADCCLKConfig)
    RCC_AHBPeriphClockCmd                    0x080012cd   Thumb Code    26  stm32f10x_rcc.o(i.RCC_AHBPeriphClockCmd)
    RCC_APB1PeriphClockCmd                   0x080012ed   Thumb Code    26  stm32f10x_rcc.o(i.RCC_APB1PeriphClockCmd)
    RCC_APB2PeriphClockCmd                   0x0800130d   Thumb Code    26  stm32f10x_rcc.o(i.RCC_APB2PeriphClockCmd)
    RCC_DeInit                               0x0800132d   Thumb Code    64  stm32f10x_rcc.o(i.RCC_DeInit)
    RCC_GetClocksFreq                        0x08001379   Thumb Code   192  stm32f10x_rcc.o(i.RCC_GetClocksFreq)
    RCC_GetFlagStatus                        0x0800144d   Thumb Code    56  stm32f10x_rcc.o(i.RCC_GetFlagStatus)
    RCC_GetSYSCLKSource                      0x08001489   Thumb Code    10  stm32f10x_rcc.o(i.RCC_GetSYSCLKSource)
    RCC_HCLKConfig                           0x08001499   Thumb Code    18  stm32f10x_rcc.o(i.RCC_HCLKConfig)
    RCC_HSEConfig                            0x080014b1   Thumb Code    70  stm32f10x_rcc.o(i.RCC_HSEConfig)
    RCC_PCLK1Config                          0x080014fd   Thumb Code    18  stm32f10x_rcc.o(i.RCC_PCLK1Config)
    RCC_PCLK2Config                          0x08001515   Thumb Code    20  stm32f10x_rcc.o(i.RCC_PCLK2Config)
    RCC_PLLCmd                               0x0800152d   Thumb Code     6  stm32f10x_rcc.o(i.RCC_PLLCmd)
    RCC_PLLConfig                            0x08001539   Thumb Code    24  stm32f10x_rcc.o(i.RCC_PLLConfig)
    RCC_SYSCLKConfig                         0x08001555   Thumb Code    18  stm32f10x_rcc.o(i.RCC_SYSCLKConfig)
    RCC_WaitForHSEStartUp                    0x0800156d   Thumb Code    56  stm32f10x_rcc.o(i.RCC_WaitForHSEStartUp)
    SVC_Handler                              0x080015a5   Thumb Code     2  stm32f10x_it.o(i.SVC_Handler)
    Serial_Init                              0x080015a9   Thumb Code   100  serial.o(i.Serial_Init)
    SysTick_Handler                          0x080016fd   Thumb Code     2  stm32f10x_it.o(i.SysTick_Handler)
    SystemClock_Config                       0x080016ff   Thumb Code   106  rcc.o(i.SystemClock_Config)
    SystemInit                               0x08001769   Thumb Code    78  system_stm32f10x.o(i.SystemInit)
    TIM2_IRQHandler                          0x080017c9   Thumb Code    84  adtim.o(i.TIM2_IRQHandler)
    TIM3_IRQHandler                          0x08001829   Thumb Code   430  pwm.o(i.TIM3_IRQHandler)
    TIM4_IRQHandler                          0x08001a1d   Thumb Code   454  timer.o(i.TIM4_IRQHandler)
    TIM_ARRPreloadConfig                     0x08001c49   Thumb Code    24  stm32f10x_tim.o(i.TIM_ARRPreloadConfig)
    TIM_ClearFlag                            0x08001c61   Thumb Code     6  stm32f10x_tim.o(i.TIM_ClearFlag)
    TIM_ClearITPendingBit                    0x08001c67   Thumb Code     6  stm32f10x_tim.o(i.TIM_ClearITPendingBit)
    TIM_Cmd                                  0x08001c6d   Thumb Code    24  stm32f10x_tim.o(i.TIM_Cmd)
    TIM_GetITStatus                          0x08001c85   Thumb Code    34  stm32f10x_tim.o(i.TIM_GetITStatus)
    TIM_ITConfig                             0x08001ca7   Thumb Code    18  stm32f10x_tim.o(i.TIM_ITConfig)
    TIM_InternalClockConfig                  0x08001cb9   Thumb Code    12  stm32f10x_tim.o(i.TIM_InternalClockConfig)
    TIM_OC1Init                              0x08001cc5   Thumb Code   132  stm32f10x_tim.o(i.TIM_OC1Init)
    TIM_OC1PreloadConfig                     0x08001d5d   Thumb Code    18  stm32f10x_tim.o(i.TIM_OC1PreloadConfig)
    TIM_OCStructInit                         0x08001d6f   Thumb Code    20  stm32f10x_tim.o(i.TIM_OCStructInit)
    TIM_SetCompare1                          0x08001d83   Thumb Code     4  stm32f10x_tim.o(i.TIM_SetCompare1)
    TIM_TimeBaseInit                         0x08001d89   Thumb Code   122  stm32f10x_tim.o(i.TIM_TimeBaseInit)
    Timer_Init                               0x08001e2d   Thumb Code   116  timer.o(i.Timer_Init)
    Timer_Interrupt_off                      0x08001ea5   Thumb Code    22  timer.o(i.Timer_Interrupt_off)
    Timer_Interrupt_on                       0x08001ec1   Thumb Code    22  timer.o(i.Timer_Interrupt_on)
    USART_Cmd                                0x08001edd   Thumb Code    24  stm32f10x_usart.o(i.USART_Cmd)
    USART_Init                               0x08001ef5   Thumb Code   210  stm32f10x_usart.o(i.USART_Init)
    UsageFault_Handler                       0x08001fcd   Thumb Code     4  stm32f10x_it.o(i.UsageFault_Handler)
    main                                     0x08001fd1   Thumb Code  1746  main.o(i.main)
    protect                                  0x080026c9   Thumb Code   122  protection.o(i.protect)
    turn_zero                                0x08002761   Thumb Code    94  define.o(i.turn_zero)
    work_continue                            0x08002815   Thumb Code    44  state_ctrl.o(i.work_continue)
    work_first_time_on                       0x08002845   Thumb Code    28  state_ctrl.o(i.work_first_time_on)
    work_off                                 0x08002869   Thumb Code    66  state_ctrl.o(i.work_off)
    work_on                                  0x080028b5   Thumb Code    56  state_ctrl.o(i.work_on)
    work_suspend                             0x080028f5   Thumb Code    44  state_ctrl.o(i.work_suspend)
    __aeabi_dadd                             0x08002925   Thumb Code     0  daddsub_clz.o(x$fpl$dadd)
    _dadd                                    0x08002925   Thumb Code   332  daddsub_clz.o(x$fpl$dadd)
    __aeabi_d2iz                             0x08002a75   Thumb Code     0  dfix.o(x$fpl$dfix)
    _dfix                                    0x08002a75   Thumb Code    94  dfix.o(x$fpl$dfix)
    __aeabi_d2uiz                            0x08002ad5   Thumb Code     0  dfixu.o(x$fpl$dfixu)
    _dfixu                                   0x08002ad5   Thumb Code    90  dfixu.o(x$fpl$dfixu)
    __aeabi_i2d                              0x08002b2f   Thumb Code     0  dflt_clz.o(x$fpl$dflt)
    _dflt                                    0x08002b2f   Thumb Code    46  dflt_clz.o(x$fpl$dflt)
    __aeabi_ui2d                             0x08002b5d   Thumb Code     0  dflt_clz.o(x$fpl$dfltu)
    _dfltu                                   0x08002b5d   Thumb Code    38  dflt_clz.o(x$fpl$dfltu)
    __aeabi_dmul                             0x08002b85   Thumb Code     0  dmul.o(x$fpl$dmul)
    _dmul                                    0x08002b85   Thumb Code   332  dmul.o(x$fpl$dmul)
    __fpl_dnaninf                            0x08002cd9   Thumb Code   156  dnaninf.o(x$fpl$dnaninf)
    __fpl_dretinf                            0x08002d75   Thumb Code    12  dretinf.o(x$fpl$dretinf)
    __aeabi_dsub                             0x08002d81   Thumb Code     0  daddsub_clz.o(x$fpl$dsub)
    _dsub                                    0x08002d81   Thumb Code   464  daddsub_clz.o(x$fpl$dsub)
    OLED_F8x16                               0x08002f54   Data        1520  oled_data.o(.constdata)
    __I$use$fp                               0x08002f54   Number         0  usenofp.o(x$fpl$usenofp)
    OLED_F6x8                                0x08003544   Data         570  oled_data.o(.constdata)
    OLED_CF16x16                             0x0800377e   Data         972  oled_data.o(.constdata)
    Diode                                    0x08003b4a   Data          32  oled_data.o(.constdata)
    down_arrow                               0x08003b6a   Data          16  oled_data.o(.constdata)
    right_arrow                              0x08003b7a   Data          32  oled_data.o(.constdata)
    Region$$Table$$Base                      0x08003b9c   Number         0  anon$$obj.o(Region$$Table)
    Region$$Table$$Limit                     0x08003bbc   Number         0  anon$$obj.o(Region$$Table)
    AD_Value                                 0x20000014   Data           8  ad.o(.data)
    Encoder_Count                            0x2000001c   Data           2  encoder.o(.data)
    Vtarget                                  0x20000020   Data           4  define.o(.data)
    Itarget                                  0x20000024   Data           4  define.o(.data)
    Vref                                     0x20000028   Data           4  define.o(.data)
    Iref                                     0x2000002c   Data           4  define.o(.data)
    Iref_final                               0x20000030   Data           4  define.o(.data)
    v_out                                    0x20000034   Data           4  define.o(.data)
    i_out                                    0x20000038   Data           4  define.o(.data)
    v_in                                     0x2000003c   Data           4  define.o(.data)
    i_in                                     0x20000040   Data           4  define.o(.data)
    voltage_count                            0x20000044   Data           2  define.o(.data)
    current_count                            0x20000046   Data           2  define.o(.data)
    v_filter                                 0x20000048   Data           4  define.o(.data)
    i_filter                                 0x2000004c   Data           4  define.o(.data)
    Iref_final_p                             0x20000050   Data           4  define.o(.data)
    Iref_final_integral                      0x20000054   Data           4  define.o(.data)
    duty_p                                   0x20000058   Data           4  define.o(.data)
    duty_integral                            0x2000005c   Data           4  define.o(.data)
    duty                                     0x20000060   Data           4  define.o(.data)
    count_avg                                0x20000064   Data           2  define.o(.data)
    abandon_times                            0x20000066   Data           2  define.o(.data)
    v_out_avg                                0x20000068   Data           4  define.o(.data)
    i_out_avg                                0x2000006c   Data           4  define.o(.data)
    p_out_avg                                0x20000070   Data           4  define.o(.data)
    v_in_avg                                 0x20000074   Data           4  define.o(.data)
    i_in_avg                                 0x20000078   Data           4  define.o(.data)
    p_in_avg                                 0x2000007c   Data           4  define.o(.data)
    v_out_avg_sum                            0x20000080   Data           4  define.o(.data)
    i_out_avg_sum                            0x20000084   Data           4  define.o(.data)
    v_in_avg_sum                             0x20000088   Data           4  define.o(.data)
    i_in_avg_sum                             0x2000008c   Data           4  define.o(.data)
    ovp_10e2                                 0x20000090   Data           4  define.o(.data)
    ocp_10e2                                 0x20000094   Data           4  define.o(.data)
    opp_10e2                                 0x20000098   Data           4  define.o(.data)
    no_charge_state_symb                     0x2000009c   Data           1  define.o(.data)
    basic                                    0x2000009d   Data           1  define.o(.data)
    power_write_times                        0x2000009e   Data           2  define.o(.data)
    place                                    0x200000a0   Data           4  define.o(.data)
    i                                        0x200000a4   Data           1  define.o(.data)
    OLED_DisplayBuf                          0x200000a8   Data        1024  oled.o(.bss)
    __libspace_start                         0x200004a8   Data          96  libspace.o(.bss)
    __temporary_stack_top$libspace           0x20000508   Data           0  libspace.o(.bss)



==============================================================================

Memory Map of the image

  Image Entry point : 0x080000ed

  Load Region LR_IROM1 (Base: 0x08000000, Size: 0x00003c64, Max: 0x00010000, ABSOLUTE)

    Execution Region ER_IROM1 (Exec base: 0x08000000, Load base: 0x08000000, Size: 0x00003bbc, Max: 0x00010000, ABSOLUTE)

    Exec Addr    Load Addr    Size         Type   Attr      Idx    E Section Name        Object

    0x08000000   0x08000000   0x000000ec   Data   RO            3    RESET               startup_stm32f10x_md.o
    0x080000ec   0x080000ec   0x00000008   Code   RO         3968  * !!!main             c_w.l(__main.o)
    0x080000f4   0x080000f4   0x00000034   Code   RO         4395    !!!scatter          c_w.l(__scatter.o)
    0x08000128   0x08000128   0x0000001a   Code   RO         4397    !!handler_copy      c_w.l(__scatter_copy.o)
    0x08000142   0x08000142   0x00000002   PAD
    0x08000144   0x08000144   0x0000001c   Code   RO         4399    !!handler_zi        c_w.l(__scatter_zi.o)
    0x08000160   0x08000160   0x00000002   Code   RO         4257    .ARM.Collect$$libinit$$00000000  c_w.l(libinit.o)
    0x08000162   0x08000162   0x00000000   Code   RO         4268    .ARM.Collect$$libinit$$00000002  c_w.l(libinit2.o)
    0x08000162   0x08000162   0x00000000   Code   RO         4270    .ARM.Collect$$libinit$$00000004  c_w.l(libinit2.o)
    0x08000162   0x08000162   0x00000000   Code   RO         4273    .ARM.Collect$$libinit$$0000000A  c_w.l(libinit2.o)
    0x08000162   0x08000162   0x00000000   Code   RO         4275    .ARM.Collect$$libinit$$0000000C  c_w.l(libinit2.o)
    0x08000162   0x08000162   0x00000000   Code   RO         4277    .ARM.Collect$$libinit$$0000000E  c_w.l(libinit2.o)
    0x08000162   0x08000162   0x00000000   Code   RO         4280    .ARM.Collect$$libinit$$00000011  c_w.l(libinit2.o)
    0x08000162   0x08000162   0x00000000   Code   RO         4282    .ARM.Collect$$libinit$$00000013  c_w.l(libinit2.o)
    0x08000162   0x08000162   0x00000000   Code   RO         4284    .ARM.Collect$$libinit$$00000015  c_w.l(libinit2.o)
    0x08000162   0x08000162   0x00000000   Code   RO         4286    .ARM.Collect$$libinit$$00000017  c_w.l(libinit2.o)
    0x08000162   0x08000162   0x00000000   Code   RO         4288    .ARM.Collect$$libinit$$00000019  c_w.l(libinit2.o)
    0x08000162   0x08000162   0x00000000   Code   RO         4290    .ARM.Collect$$libinit$$0000001B  c_w.l(libinit2.o)
    0x08000162   0x08000162   0x00000000   Code   RO         4292    .ARM.Collect$$libinit$$0000001D  c_w.l(libinit2.o)
    0x08000162   0x08000162   0x00000000   Code   RO         4294    .ARM.Collect$$libinit$$0000001F  c_w.l(libinit2.o)
    0x08000162   0x08000162   0x00000000   Code   RO         4296    .ARM.Collect$$libinit$$00000021  c_w.l(libinit2.o)
    0x08000162   0x08000162   0x00000000   Code   RO         4298    .ARM.Collect$$libinit$$00000023  c_w.l(libinit2.o)
    0x08000162   0x08000162   0x00000000   Code   RO         4300    .ARM.Collect$$libinit$$00000025  c_w.l(libinit2.o)
    0x08000162   0x08000162   0x00000000   Code   RO         4304    .ARM.Collect$$libinit$$0000002C  c_w.l(libinit2.o)
    0x08000162   0x08000162   0x00000000   Code   RO         4306    .ARM.Collect$$libinit$$0000002E  c_w.l(libinit2.o)
    0x08000162   0x08000162   0x00000000   Code   RO         4308    .ARM.Collect$$libinit$$00000030  c_w.l(libinit2.o)
    0x08000162   0x08000162   0x00000000   Code   RO         4310    .ARM.Collect$$libinit$$00000032  c_w.l(libinit2.o)
    0x08000162   0x08000162   0x00000002   Code   RO         4311    .ARM.Collect$$libinit$$00000033  c_w.l(libinit2.o)
    0x08000164   0x08000164   0x00000002   Code   RO         4335    .ARM.Collect$$libshutdown$$00000000  c_w.l(libshutdown.o)
    0x08000166   0x08000166   0x00000000   Code   RO         4348    .ARM.Collect$$libshutdown$$00000002  c_w.l(libshutdown2.o)
    0x08000166   0x08000166   0x00000000   Code   RO         4350    .ARM.Collect$$libshutdown$$00000004  c_w.l(libshutdown2.o)
    0x08000166   0x08000166   0x00000000   Code   RO         4353    .ARM.Collect$$libshutdown$$00000007  c_w.l(libshutdown2.o)
    0x08000166   0x08000166   0x00000000   Code   RO         4356    .ARM.Collect$$libshutdown$$0000000A  c_w.l(libshutdown2.o)
    0x08000166   0x08000166   0x00000000   Code   RO         4358    .ARM.Collect$$libshutdown$$0000000C  c_w.l(libshutdown2.o)
    0x08000166   0x08000166   0x00000000   Code   RO         4361    .ARM.Collect$$libshutdown$$0000000F  c_w.l(libshutdown2.o)
    0x08000166   0x08000166   0x00000002   Code   RO         4362    .ARM.Collect$$libshutdown$$00000010  c_w.l(libshutdown2.o)
    0x08000168   0x08000168   0x00000000   Code   RO         4024    .ARM.Collect$$rtentry$$00000000  c_w.l(__rtentry.o)
    0x08000168   0x08000168   0x00000000   Code   RO         4165    .ARM.Collect$$rtentry$$00000002  c_w.l(__rtentry2.o)
    0x08000168   0x08000168   0x00000006   Code   RO         4177    .ARM.Collect$$rtentry$$00000004  c_w.l(__rtentry4.o)
    0x0800016e   0x0800016e   0x00000000   Code   RO         4167    .ARM.Collect$$rtentry$$00000009  c_w.l(__rtentry2.o)
    0x0800016e   0x0800016e   0x00000004   Code   RO         4168    .ARM.Collect$$rtentry$$0000000A  c_w.l(__rtentry2.o)
    0x08000172   0x08000172   0x00000000   Code   RO         4170    .ARM.Collect$$rtentry$$0000000C  c_w.l(__rtentry2.o)
    0x08000172   0x08000172   0x00000008   Code   RO         4171    .ARM.Collect$$rtentry$$0000000D  c_w.l(__rtentry2.o)
    0x0800017a   0x0800017a   0x00000002   Code   RO         4262    .ARM.Collect$$rtexit$$00000000  c_w.l(rtexit.o)
    0x0800017c   0x0800017c   0x00000000   Code   RO         4315    .ARM.Collect$$rtexit$$00000002  c_w.l(rtexit2.o)
    0x0800017c   0x0800017c   0x00000004   Code   RO         4316    .ARM.Collect$$rtexit$$00000003  c_w.l(rtexit2.o)
    0x08000180   0x08000180   0x00000006   Code   RO         4317    .ARM.Collect$$rtexit$$00000004  c_w.l(rtexit2.o)
    0x08000186   0x08000186   0x00000002   PAD
    0x08000188   0x08000188   0x00000040   Code   RO            4    .text               startup_stm32f10x_md.o
    0x080001c8   0x080001c8   0x00000080   Code   RO         3964    .text               c_w.l(strcmpv7m.o)
    0x08000248   0x08000248   0x00000006   Code   RO         3966    .text               c_w.l(heapauxi.o)
    0x0800024e   0x0800024e   0x00000002   PAD
    0x08000250   0x08000250   0x00000008   Code   RO         4208    .text               c_w.l(libspace.o)
    0x08000258   0x08000258   0x0000004a   Code   RO         4211    .text               c_w.l(sys_stackheap_outer.o)
    0x080002a2   0x080002a2   0x00000012   Code   RO         4250    .text               c_w.l(exit.o)
    0x080002b4   0x080002b4   0x0000000c   Code   RO         4327    .text               c_w.l(sys_exit.o)
    0x080002c0   0x080002c0   0x00000002   Code   RO         4338    .text               c_w.l(use_no_semi.o)
    0x080002c2   0x080002c2   0x00000000   Code   RO         4340    .text               c_w.l(indicate_semi.o)
    0x080002c2   0x080002c2   0x00000016   Code   RO          202    i.ADC_Cmd           stm32f10x_adc.o
    0x080002d8   0x080002d8   0x00000016   Code   RO          203    i.ADC_DMACmd        stm32f10x_adc.o
    0x080002ee   0x080002ee   0x00000014   Code   RO          210    i.ADC_GetCalibrationStatus  stm32f10x_adc.o
    0x08000302   0x08000302   0x00000014   Code   RO          216    i.ADC_GetResetCalibrationStatus  stm32f10x_adc.o
    0x08000316   0x08000316   0x00000002   PAD
    0x08000318   0x08000318   0x00000050   Code   RO          220    i.ADC_Init          stm32f10x_adc.o
    0x08000368   0x08000368   0x000000b8   Code   RO          224    i.ADC_RegularChannelConfig  stm32f10x_adc.o
    0x08000420   0x08000420   0x0000000a   Code   RO          225    i.ADC_ResetCalibration  stm32f10x_adc.o
    0x0800042a   0x0800042a   0x00000016   Code   RO          227    i.ADC_SoftwareStartConvCmd  stm32f10x_adc.o
    0x08000440   0x08000440   0x0000000a   Code   RO          229    i.ADC_StartCalibration  stm32f10x_adc.o
    0x0800044a   0x0800044a   0x00000078   Code   RO         3552    i.ADTIM_Init        adtim.o
    0x080004c2   0x080004c2   0x00000016   Code   RO         3553    i.ADTIM_Interrupt_off  adtim.o
    0x080004d8   0x080004d8   0x00000016   Code   RO         3554    i.ADTIM_Interrupt_on  adtim.o
    0x080004ee   0x080004ee   0x00000002   PAD
    0x080004f0   0x080004f0   0x00000140   Code   RO         3385    i.AD_Init           ad.o
    0x08000630   0x08000630   0x00000004   Code   RO         3843    i.BusFault_Handler  stm32f10x_it.o
    0x08000634   0x08000634   0x00000018   Code   RO          911    i.DMA_Cmd           stm32f10x_dma.o
    0x0800064c   0x0800064c   0x0000003c   Code   RO          917    i.DMA_Init          stm32f10x_dma.o
    0x08000688   0x08000688   0x00000002   Code   RO         3844    i.DebugMon_Handler  stm32f10x_it.o
    0x0800068a   0x0800068a   0x00000018   Code   RO         3196    i.Delay_ms          delay.o
    0x080006a2   0x080006a2   0x0000002e   Code   RO         3198    i.Delay_us          delay.o
    0x080006d0   0x080006d0   0x00000058   Code   RO         3452    i.EXTI4_IRQHandler  encoder.o
    0x08000728   0x08000728   0x0000000c   Code   RO          985    i.EXTI_ClearITPendingBit  stm32f10x_exti.o
    0x08000734   0x08000734   0x00000028   Code   RO          989    i.EXTI_GetITStatus  stm32f10x_exti.o
    0x0800075c   0x0800075c   0x0000001c   Code   RO         1058    i.FLASH_PrefetchBufferCmd  stm32f10x_flash.o
    0x08000778   0x08000778   0x00000018   Code   RO         1063    i.FLASH_SetLatency  stm32f10x_flash.o
    0x08000790   0x08000790   0x00000116   Code   RO         1347    i.GPIO_Init         stm32f10x_gpio.o
    0x080008a6   0x080008a6   0x00000012   Code   RO         1351    i.GPIO_ReadInputDataBit  stm32f10x_gpio.o
    0x080008b8   0x080008b8   0x0000000a   Code   RO         1358    i.GPIO_WriteBit     stm32f10x_gpio.o
    0x080008c2   0x080008c2   0x00000004   Code   RO         3845    i.HardFault_Handler  stm32f10x_it.o
    0x080008c6   0x080008c6   0x00000002   PAD
    0x080008c8   0x080008c8   0x000000b8   Code   RO         3337    i.Key_GetNum        key.o
    0x08000980   0x08000980   0x00000040   Code   RO         3338    i.Key_Init          key.o
    0x080009c0   0x080009c0   0x00000004   Code   RO         3846    i.MemManage_Handler  stm32f10x_it.o
    0x080009c4   0x080009c4   0x00000002   Code   RO         3847    i.NMI_Handler       stm32f10x_it.o
    0x080009c6   0x080009c6   0x00000002   PAD
    0x080009c8   0x080009c8   0x00000070   Code   RO          137    i.NVIC_Init         misc.o
    0x08000a38   0x08000a38   0x00000014   Code   RO          138    i.NVIC_PriorityGroupConfig  misc.o
    0x08000a4c   0x08000a4c   0x00000028   Code   RO         3582    i.OLED_Clear        oled.o
    0x08000a74   0x08000a74   0x000000a8   Code   RO         3583    i.OLED_ClearArea    oled.o
    0x08000b1c   0x08000b1c   0x00000060   Code   RO         3591    i.OLED_GPIO_Init    oled.o
    0x08000b7c   0x08000b7c   0x0000003e   Code   RO         3593    i.OLED_I2C_SendByte  oled.o
    0x08000bba   0x08000bba   0x0000001c   Code   RO         3594    i.OLED_I2C_Start    oled.o
    0x08000bd6   0x08000bd6   0x00000016   Code   RO         3595    i.OLED_I2C_Stop     oled.o
    0x08000bec   0x08000bec   0x00000092   Code   RO         3596    i.OLED_Init         oled.o
    0x08000c7e   0x08000c7e   0x00000014   Code   RO         3598    i.OLED_Pow          oled.o
    0x08000c92   0x08000c92   0x00000002   PAD
    0x08000c94   0x08000c94   0x000000a8   Code   RO         3601    i.OLED_ReverseArea  oled.o
    0x08000d3c   0x08000d3c   0x00000022   Code   RO         3602    i.OLED_SetCursor    oled.o
    0x08000d5e   0x08000d5e   0x00000002   PAD
    0x08000d60   0x08000d60   0x00000054   Code   RO         3604    i.OLED_ShowChar     oled.o
    0x08000db4   0x08000db4   0x00000098   Code   RO         3605    i.OLED_ShowChinese  oled.o
    0x08000e4c   0x08000e4c   0x0000012c   Code   RO         3608    i.OLED_ShowImage    oled.o
    0x08000f78   0x08000f78   0x0000004c   Code   RO         3609    i.OLED_ShowNum      oled.o
    0x08000fc4   0x08000fc4   0x00000070   Code   RO         3610    i.OLED_ShowSignedNum  oled.o
    0x08001034   0x08001034   0x0000002e   Code   RO         3611    i.OLED_ShowString   oled.o
    0x08001062   0x08001062   0x00000002   PAD
    0x08001064   0x08001064   0x00000028   Code   RO         3612    i.OLED_Update       oled.o
    0x0800108c   0x0800108c   0x00000018   Code   RO         3614    i.OLED_W_SCL        oled.o
    0x080010a4   0x080010a4   0x00000018   Code   RO         3615    i.OLED_W_SDA        oled.o
    0x080010bc   0x080010bc   0x00000020   Code   RO         3616    i.OLED_WriteCommand  oled.o
    0x080010dc   0x080010dc   0x0000002e   Code   RO         3617    i.OLED_WriteData    oled.o
    0x0800110a   0x0800110a   0x00000002   PAD
    0x0800110c   0x0800110c   0x00000014   Code   RO         3400    i.PWM_Duty_Set      pwm.o
    0x08001120   0x08001120   0x000000d0   Code   RO         3401    i.PWM_Init          pwm.o
    0x080011f0   0x080011f0   0x0000001c   Code   RO         3402    i.PWM_Interrupt_off  pwm.o
    0x0800120c   0x0800120c   0x0000001c   Code   RO         3403    i.PWM_Interrupt_on  pwm.o
    0x08001228   0x08001228   0x00000002   Code   RO         3848    i.PendSV_Handler    stm32f10x_it.o
    0x0800122a   0x0800122a   0x00000002   PAD
    0x0800122c   0x0800122c   0x00000088   Code   RO         3273    i.Protection_Init   protection.o
    0x080012b4   0x080012b4   0x00000018   Code   RO         1773    i.RCC_ADCCLKConfig  stm32f10x_rcc.o
    0x080012cc   0x080012cc   0x00000020   Code   RO         1774    i.RCC_AHBPeriphClockCmd  stm32f10x_rcc.o
    0x080012ec   0x080012ec   0x00000020   Code   RO         1775    i.RCC_APB1PeriphClockCmd  stm32f10x_rcc.o
    0x0800130c   0x0800130c   0x00000020   Code   RO         1777    i.RCC_APB2PeriphClockCmd  stm32f10x_rcc.o
    0x0800132c   0x0800132c   0x0000004c   Code   RO         1784    i.RCC_DeInit        stm32f10x_rcc.o
    0x08001378   0x08001378   0x000000d4   Code   RO         1785    i.RCC_GetClocksFreq  stm32f10x_rcc.o
    0x0800144c   0x0800144c   0x0000003c   Code   RO         1786    i.RCC_GetFlagStatus  stm32f10x_rcc.o
    0x08001488   0x08001488   0x00000010   Code   RO         1788    i.RCC_GetSYSCLKSource  stm32f10x_rcc.o
    0x08001498   0x08001498   0x00000018   Code   RO         1789    i.RCC_HCLKConfig    stm32f10x_rcc.o
    0x080014b0   0x080014b0   0x0000004c   Code   RO         1790    i.RCC_HSEConfig     stm32f10x_rcc.o
    0x080014fc   0x080014fc   0x00000018   Code   RO         1796    i.RCC_PCLK1Config   stm32f10x_rcc.o
    0x08001514   0x08001514   0x00000018   Code   RO         1797    i.RCC_PCLK2Config   stm32f10x_rcc.o
    0x0800152c   0x0800152c   0x0000000c   Code   RO         1798    i.RCC_PLLCmd        stm32f10x_rcc.o
    0x08001538   0x08001538   0x0000001c   Code   RO         1799    i.RCC_PLLConfig     stm32f10x_rcc.o
    0x08001554   0x08001554   0x00000018   Code   RO         1802    i.RCC_SYSCLKConfig  stm32f10x_rcc.o
    0x0800156c   0x0800156c   0x00000038   Code   RO         1804    i.RCC_WaitForHSEStartUp  stm32f10x_rcc.o
    0x080015a4   0x080015a4   0x00000002   Code   RO         3849    i.SVC_Handler       stm32f10x_it.o
    0x080015a6   0x080015a6   0x00000002   PAD
    0x080015a8   0x080015a8   0x0000006c   Code   RO         3491    i.Serial_Init       serial.o
    0x08001614   0x08001614   0x00000008   Code   RO           24    i.SetSysClock       system_stm32f10x.o
    0x0800161c   0x0800161c   0x000000e0   Code   RO           25    i.SetSysClockTo72   system_stm32f10x.o
    0x080016fc   0x080016fc   0x00000002   Code   RO         3850    i.SysTick_Handler   stm32f10x_it.o
    0x080016fe   0x080016fe   0x0000006a   Code   RO         3479    i.SystemClock_Config  rcc.o
    0x08001768   0x08001768   0x00000060   Code   RO           27    i.SystemInit        system_stm32f10x.o
    0x080017c8   0x080017c8   0x00000060   Code   RO         3555    i.TIM2_IRQHandler   adtim.o
    0x08001828   0x08001828   0x000001f4   Code   RO         3404    i.TIM3_IRQHandler   pwm.o
    0x08001a1c   0x08001a1c   0x0000022c   Code   RO         3220    i.TIM4_IRQHandler   timer.o
    0x08001c48   0x08001c48   0x00000018   Code   RO         2409    i.TIM_ARRPreloadConfig  stm32f10x_tim.o
    0x08001c60   0x08001c60   0x00000006   Code   RO         2415    i.TIM_ClearFlag     stm32f10x_tim.o
    0x08001c66   0x08001c66   0x00000006   Code   RO         2416    i.TIM_ClearITPendingBit  stm32f10x_tim.o
    0x08001c6c   0x08001c6c   0x00000018   Code   RO         2421    i.TIM_Cmd           stm32f10x_tim.o
    0x08001c84   0x08001c84   0x00000022   Code   RO         2442    i.TIM_GetITStatus   stm32f10x_tim.o
    0x08001ca6   0x08001ca6   0x00000012   Code   RO         2446    i.TIM_ITConfig      stm32f10x_tim.o
    0x08001cb8   0x08001cb8   0x0000000c   Code   RO         2448    i.TIM_InternalClockConfig  stm32f10x_tim.o
    0x08001cc4   0x08001cc4   0x00000098   Code   RO         2450    i.TIM_OC1Init       stm32f10x_tim.o
    0x08001d5c   0x08001d5c   0x00000012   Code   RO         2453    i.TIM_OC1PreloadConfig  stm32f10x_tim.o
    0x08001d6e   0x08001d6e   0x00000014   Code   RO         2468    i.TIM_OCStructInit  stm32f10x_tim.o
    0x08001d82   0x08001d82   0x00000004   Code   RO         2482    i.TIM_SetCompare1   stm32f10x_tim.o
    0x08001d86   0x08001d86   0x00000002   PAD
    0x08001d88   0x08001d88   0x000000a4   Code   RO         2492    i.TIM_TimeBaseInit  stm32f10x_tim.o
    0x08001e2c   0x08001e2c   0x00000078   Code   RO         3221    i.Timer_Init        timer.o
    0x08001ea4   0x08001ea4   0x0000001c   Code   RO         3222    i.Timer_Interrupt_off  timer.o
    0x08001ec0   0x08001ec0   0x0000001c   Code   RO         3223    i.Timer_Interrupt_on  timer.o
    0x08001edc   0x08001edc   0x00000018   Code   RO         2960    i.USART_Cmd         stm32f10x_usart.o
    0x08001ef4   0x08001ef4   0x000000d8   Code   RO         2967    i.USART_Init        stm32f10x_usart.o
    0x08001fcc   0x08001fcc   0x00000004   Code   RO         3851    i.UsageFault_Handler  stm32f10x_it.o
    0x08001fd0   0x08001fd0   0x000006f8   Code   RO         3925    i.main              main.o
    0x080026c8   0x080026c8   0x00000098   Code   RO         3274    i.protect           protection.o
    0x08002760   0x08002760   0x000000b4   Code   RO         3906    i.turn_zero         define.o
    0x08002814   0x08002814   0x00000030   Code   RO         3301    i.work_continue     state_ctrl.o
    0x08002844   0x08002844   0x00000024   Code   RO         3302    i.work_first_time_on  state_ctrl.o
    0x08002868   0x08002868   0x0000004c   Code   RO         3303    i.work_off          state_ctrl.o
    0x080028b4   0x080028b4   0x00000040   Code   RO         3304    i.work_on           state_ctrl.o
    0x080028f4   0x080028f4   0x00000030   Code   RO         3305    i.work_suspend      state_ctrl.o
    0x08002924   0x08002924   0x00000150   Code   RO         3972    x$fpl$dadd          fz_ws.l(daddsub_clz.o)
    0x08002a74   0x08002a74   0x0000005e   Code   RO         3982    x$fpl$dfix          fz_ws.l(dfix.o)
    0x08002ad2   0x08002ad2   0x00000002   PAD
    0x08002ad4   0x08002ad4   0x0000005a   Code   RO         3986    x$fpl$dfixu         fz_ws.l(dfixu.o)
    0x08002b2e   0x08002b2e   0x0000002e   Code   RO         3991    x$fpl$dflt          fz_ws.l(dflt_clz.o)
    0x08002b5c   0x08002b5c   0x00000026   Code   RO         3990    x$fpl$dfltu         fz_ws.l(dflt_clz.o)
    0x08002b82   0x08002b82   0x00000002   PAD
    0x08002b84   0x08002b84   0x00000154   Code   RO         3998    x$fpl$dmul          fz_ws.l(dmul.o)
    0x08002cd8   0x08002cd8   0x0000009c   Code   RO         4120    x$fpl$dnaninf       fz_ws.l(dnaninf.o)
    0x08002d74   0x08002d74   0x0000000c   Code   RO         4122    x$fpl$dretinf       fz_ws.l(dretinf.o)
    0x08002d80   0x08002d80   0x000001d4   Code   RO         3974    x$fpl$dsub          fz_ws.l(daddsub_clz.o)
    0x08002f54   0x08002f54   0x00000000   Code   RO         4138    x$fpl$usenofp       fz_ws.l(usenofp.o)
    0x08002f54   0x08002f54   0x00000c46   Data   RO         3831    .constdata          oled_data.o
    0x08003b9a   0x08003b9a   0x00000002   PAD
    0x08003b9c   0x08003b9c   0x00000020   Data   RO         4393    Region$$Table       anon$$obj.o


    Execution Region RW_IRAM1 (Exec base: 0x20000000, Load base: 0x08003bbc, Size: 0x00000b08, Max: 0x00005000, ABSOLUTE)

    Exec Addr    Load Addr    Size         Type   Attr      Idx    E Section Name        Object

    0x20000000   0x08003bbc   0x00000014   Data   RW         1805    .data               stm32f10x_rcc.o
    0x20000014   0x08003bd0   0x00000008   Data   RW         3386    .data               ad.o
    0x2000001c   0x08003bd8   0x00000002   Data   RW         3455    .data               encoder.o
    0x2000001e   0x08003bda   0x00000002   PAD
    0x20000020   0x08003bdc   0x00000085   Data   RW         3908    .data               define.o
    0x200000a5   0x08003c61   0x00000003   PAD
    0x200000a8        -       0x00000400   Zero   RW         3619    .bss                oled.o
    0x200004a8        -       0x00000060   Zero   RW         4209    .bss                c_w.l(libspace.o)
    0x20000508        -       0x00000200   Zero   RW            2    HEAP                startup_stm32f10x_md.o
    0x20000708        -       0x00000400   Zero   RW            1    STACK               startup_stm32f10x_md.o


==============================================================================

Image component sizes


      Code (inc. data)   RO Data    RW Data    ZI Data      Debug   Object Name

       320         20          0          8          0       1177   ad.o
       260         12          0          0          0       1886   adtim.o
         0          0          0          0          0       4500   core_cm3.o
       180         86          0        133          0       2411   define.o
        70          0          0          0          0        914   delay.o
        88          8          0          2          0        699   encoder.o
       248         16          0          0          0       1020   key.o
      1784        242          0          0          0       1379   main.o
       132         22          0          0          0     213735   misc.o
      1720         58          0          0       1024      13072   oled.o
         0          0       3142          0          0       1169   oled_data.o
       288         38          0          0          0       1012   protection.o
       784         96          0          0          0       2667   pwm.o
       106          0          0          0          0        493   rcc.o
       108          8          0          0          0        562   serial.o
        64         26        236          0       1536        820   startup_stm32f10x_md.o
       272         34          0          0          0       2293   state_ctrl.o
       390         10          0          0          0      17641   stm32f10x_adc.o
        84          0          0          0          0      12433   stm32f10x_dma.o
        52         12          0          0          0       1052   stm32f10x_exti.o
        52         12          0          0          0       1017   stm32f10x_flash.o
       306          0          0          0          0      11312   stm32f10x_gpio.o
        26          0          0          0          0       3694   stm32f10x_it.o
       752        104          0         20          0      19633   stm32f10x_rcc.o
       482         62          0          0          0      27313   stm32f10x_tim.o
       240          6          0          0          0       8713   stm32f10x_usart.o
       328         28          0          0          0      54973   system_stm32f10x.o
       732        118          0          0          0       1958   timer.o

    ----------------------------------------------------------------------
      9890       1018       3412        168       2560     409548   Object Totals
         0          0         32          0          0          0   (incl. Generated)
        22          0          2          5          0          0   (incl. Padding)

    ----------------------------------------------------------------------

      Code (inc. data)   RO Data    RW Data    ZI Data      Debug   Library Member Name

         8          0          0          0          0         68   __main.o
         0          0          0          0          0          0   __rtentry.o
        12          0          0          0          0          0   __rtentry2.o
         6          0          0          0          0          0   __rtentry4.o
        52          8          0          0          0          0   __scatter.o
        26          0          0          0          0          0   __scatter_copy.o
        28          0          0          0          0          0   __scatter_zi.o
        18          0          0          0          0         80   exit.o
         6          0          0          0          0        152   heapauxi.o
         0          0          0          0          0          0   indicate_semi.o
         2          0          0          0          0          0   libinit.o
         2          0          0          0          0          0   libinit2.o
         2          0          0          0          0          0   libshutdown.o
         2          0          0          0          0          0   libshutdown2.o
         8          4          0          0         96         68   libspace.o
         2          0          0          0          0          0   rtexit.o
        10          0          0          0          0          0   rtexit2.o
       128          0          0          0          0         68   strcmpv7m.o
        12          4          0          0          0         68   sys_exit.o
        74          0          0          0          0         80   sys_stackheap_outer.o
         2          0          0          0          0         68   use_no_semi.o
       804         16          0          0          0        272   daddsub_clz.o
        94          4          0          0          0         92   dfix.o
        90          4          0          0          0         92   dfixu.o
        84          0          0          0          0        136   dflt_clz.o
       340         12          0          0          0        104   dmul.o
       156          4          0          0          0         92   dnaninf.o
        12          0          0          0          0         68   dretinf.o
         0          0          0          0          0          0   usenofp.o

    ----------------------------------------------------------------------
      1990         56          0          0         96       1508   Library Totals
        10          0          0          0          0          0   (incl. Padding)

    ----------------------------------------------------------------------

      Code (inc. data)   RO Data    RW Data    ZI Data      Debug   Library Name

       400         16          0          0         96        652   c_w.l
      1580         40          0          0          0        856   fz_ws.l

    ----------------------------------------------------------------------
      1990         56          0          0         96       1508   Library Totals

    ----------------------------------------------------------------------

==============================================================================


      Code (inc. data)   RO Data    RW Data    ZI Data      Debug   

     11880       1074       3412        168       2656     404760   Grand Totals
     11880       1074       3412        168       2656     404760   ELF Image Totals
     11880       1074       3412        168          0          0   ROM Totals

==============================================================================

    Total RO  Size (Code + RO Data)                15292 (  14.93kB)
    Total RW  Size (RW Data + ZI Data)              2824 (   2.76kB)
    Total ROM Size (Code + RO Data + RW Data)      15460 (  15.10kB)

==============================================================================

